Archive member included to satisfy reference by file (symbol)

C:/NXP/S32DS_Power_v2.1/S32DS/software/AMMCLIB_1.1.15/MPC574xP_AMMCLIB_v1.1.15/lib/s32ds_ppc\MPC574xP_AMMCLIB.a(GFLIB_Sign_c.o)
                              ./src/pga411.o (GFLIB_Sign_FLT)
C:/NXP/S32DS_Power_v2.1/S32DS/software/AMMCLIB_1.1.15/MPC574xP_AMMCLIB_v1.1.15/lib/s32ds_ppc\MPC574xP_AMMCLIB.a(GFLIB_SinCos_c.o)
                              ./src/Cmd_moteur.o (GFLIB_SinCos_FLT)
C:/NXP/S32DS_Power_v2.1/S32DS/software/AMMCLIB_1.1.15/MPC574xP_AMMCLIB_v1.1.15/lib/s32ds_ppc\MPC574xP_AMMCLIB.a(GMCLIB_ClarkInv_c.o)
                              ./src/Cmd_moteur.o (GMCLIB_ClarkInv_FLT)
C:/NXP/S32DS_Power_v2.1/S32DS/software/AMMCLIB_1.1.15/MPC574xP_AMMCLIB_v1.1.15/lib/s32ds_ppc\MPC574xP_AMMCLIB.a(GMCLIB_Clark_c.o)
                              ./src/modele_moteur_virtuel.o (GMCLIB_Clark_FLT)
C:/NXP/S32DS_Power_v2.1/S32DS/software/AMMCLIB_1.1.15/MPC574xP_AMMCLIB_v1.1.15/lib/s32ds_ppc\MPC574xP_AMMCLIB.a(GMCLIB_ParkInv_c.o)
                              ./src/Cmd_moteur.o (GMCLIB_ParkInv_FLT)
C:/NXP/S32DS_Power_v2.1/S32DS/software/AMMCLIB_1.1.15/MPC574xP_AMMCLIB_v1.1.15/lib/s32ds_ppc\MPC574xP_AMMCLIB.a(GMCLIB_Park_c.o)
                              ./src/modele_moteur_virtuel.o (GMCLIB_Park_FLT)
C:/NXP/S32DS_Power_v2.1/S32DS/software/AMMCLIB_1.1.15/MPC574xP_AMMCLIB_v1.1.15/lib/s32ds_ppc\MPC574xP_AMMCLIB.a(GMCLIB_SvmStd_c.o)
                              ./src/Cmd_moteur.o (GMCLIB_SvmStd_FLT)
c:/nxp/s32ds_power_v2.1/s32ds/build_tools/powerpc-eabivle-4_9/bin/../lib/gcc/powerpc-eabivle/4.9.4/e200z4/fp\libgcc.a(_sf_to_df.o)
                              ./src/Cmd_moteur.o (__extendsfdf2)
c:/nxp/s32ds_power_v2.1/s32ds/build_tools/powerpc-eabivle-4_9/bin/../lib/gcc/powerpc-eabivle/4.9.4/e200z4/fp\libgcc.a(_mul_df.o)
                              ./src/Cmd_moteur.o (__muldf3)
c:/nxp/s32ds_power_v2.1/s32ds/build_tools/powerpc-eabivle-4_9/bin/../lib/gcc/powerpc-eabivle/4.9.4/e200z4/fp\libgcc.a(_gt_df.o)
                              ./src/Cmd_moteur.o (__gtdf2)
c:/nxp/s32ds_power_v2.1/s32ds/build_tools/powerpc-eabivle-4_9/bin/../lib/gcc/powerpc-eabivle/4.9.4/e200z4/fp\libgcc.a(_lt_df.o)
                              ./src/Cmd_moteur.o (__ltdf2)
c:/nxp/s32ds_power_v2.1/s32ds/build_tools/powerpc-eabivle-4_9/bin/../lib/gcc/powerpc-eabivle/4.9.4/e200z4/fp\libgcc.a(_le_df.o)
                              ./src/pga411.o (__ledf2)
c:/nxp/s32ds_power_v2.1/s32ds/build_tools/powerpc-eabivle-4_9/bin/../lib/gcc/powerpc-eabivle/4.9.4/e200z4/fp\libgcc.a(_make_df.o)
                              c:/nxp/s32ds_power_v2.1/s32ds/build_tools/powerpc-eabivle-4_9/bin/../lib/gcc/powerpc-eabivle/4.9.4/e200z4/fp\libgcc.a(_sf_to_df.o) (__make_dp)
c:/nxp/s32ds_power_v2.1/s32ds/build_tools/powerpc-eabivle-4_9/bin/../lib/gcc/powerpc-eabivle/4.9.4/e200z4/fp\libgcc.a(_df_to_sf.o)
                              ./src/Cmd_moteur.o (__truncdfsf2)
c:/nxp/s32ds_power_v2.1/s32ds/build_tools/powerpc-eabivle-4_9/bin/../lib/gcc/powerpc-eabivle/4.9.4/e200z4/fp\libgcc.a(_thenan_df.o)
                              c:/nxp/s32ds_power_v2.1/s32ds/build_tools/powerpc-eabivle-4_9/bin/../lib/gcc/powerpc-eabivle/4.9.4/e200z4/fp\libgcc.a(_mul_df.o) (__thenan_df)
c:/nxp/s32ds_power_v2.1/s32ds/build_tools/powerpc-eabivle-4_9/bin/../lib/gcc/powerpc-eabivle/4.9.4/e200z4/fp\libgcc.a(eabivle.o)
                              ./src/main.o (__eabi)
c:/nxp/s32ds_power_v2.1/s32ds/build_tools/powerpc-eabivle-4_9/bin/../lib/gcc/powerpc-eabivle/4.9.4/e200z4/fp\libgcc.a(_unpack_sf.o)
                              c:/nxp/s32ds_power_v2.1/s32ds/build_tools/powerpc-eabivle-4_9/bin/../lib/gcc/powerpc-eabivle/4.9.4/e200z4/fp\libgcc.a(_sf_to_df.o) (__unpack_f)
c:/nxp/s32ds_power_v2.1/s32ds/build_tools/powerpc-eabivle-4_9/bin/../lib/gcc/powerpc-eabivle/4.9.4/e200z4/fp\libgcc.a(_make_sf.o)
                              c:/nxp/s32ds_power_v2.1/s32ds/build_tools/powerpc-eabivle-4_9/bin/../lib/gcc/powerpc-eabivle/4.9.4/e200z4/fp\libgcc.a(_df_to_sf.o) (__make_fp)
c:/nxp/s32ds_power_v2.1/s32ds/build_tools/powerpc-eabivle-4_9/bin/../lib/gcc/powerpc-eabivle/4.9.4/e200z4/fp\libgcc.a(_pack_df.o)
                              c:/nxp/s32ds_power_v2.1/s32ds/build_tools/powerpc-eabivle-4_9/bin/../lib/gcc/powerpc-eabivle/4.9.4/e200z4/fp\libgcc.a(_mul_df.o) (__pack_d)
c:/nxp/s32ds_power_v2.1/s32ds/build_tools/powerpc-eabivle-4_9/bin/../lib/gcc/powerpc-eabivle/4.9.4/e200z4/fp\libgcc.a(_unpack_df.o)
                              c:/nxp/s32ds_power_v2.1/s32ds/build_tools/powerpc-eabivle-4_9/bin/../lib/gcc/powerpc-eabivle/4.9.4/e200z4/fp\libgcc.a(_mul_df.o) (__unpack_d)
c:/nxp/s32ds_power_v2.1/s32ds/build_tools/powerpc-eabivle-4_9/bin/../lib/gcc/powerpc-eabivle/4.9.4/e200z4/fp\libgcc.a(_fpcmp_parts_df.o)
                              c:/nxp/s32ds_power_v2.1/s32ds/build_tools/powerpc-eabivle-4_9/bin/../lib/gcc/powerpc-eabivle/4.9.4/e200z4/fp\libgcc.a(_gt_df.o) (__fpcmp_parts_d)
[...]
Memory Configuration

Name             Origin             Length             Attributes
flash_rchw       0x00fa0000         0x00000004
cpu0_reset_vec   0x00fa0004         0x00000004
m_text           0x01000000         0x00200000
m_data           0x40000000         0x00060000
local_dmem       0x50800000         0x00010000
*default*        0x00000000         0xffffffff

Linker script and memory map

LOAD c:/nxp/s32ds_power_v2.1/s32ds/build_tools/powerpc-eabivle-4_9/bin/../lib/gcc/powerpc-eabivle/4.9.4/e200z4/fp/ecrti.o
LOAD c:/nxp/s32ds_power_v2.1/s32ds/build_tools/powerpc-eabivle-4_9/bin/../lib/gcc/powerpc-eabivle/4.9.4/e200z4/fp/crtbegin.o
LOAD ./FreeMaster_MPC57xxx/src_common/freemaster_appcmd.o
LOAD ./FreeMaster_MPC57xxx/src_common/freemaster_bdm.o
LOAD ./FreeMaster_MPC57xxx/src_common/freemaster_can.o
LOAD ./FreeMaster_MPC57xxx/src_common/freemaster_lin.o
LOAD ./FreeMaster_MPC57xxx/src_common/freemaster_pipes.o
LOAD ./FreeMaster_MPC57xxx/src_common/freemaster_protocol.o
LOAD ./FreeMaster_MPC57xxx/src_common/freemaster_rec.o
LOAD ./FreeMaster_MPC57xxx/src_common/freemaster_scope.o
LOAD ./FreeMaster_MPC57xxx/src_common/freemaster_serial.o
LOAD ./FreeMaster_MPC57xxx/src_common/freemaster_sfio.o
LOAD ./FreeMaster_MPC57xxx/src_common/freemaster_tsa.o
LOAD ./FreeMaster_MPC57xxx/src_platforms/MPC57xx/freemaster_MPC57xx.o
LOAD ./Project_Settings/Startup_Code/startup.o
LOAD ./src/ClockConfig.o
LOAD ./src/Cmd_moteur.o
LOAD ./src/ConfigADC.o
LOAD ./src/ConfigCTU.o
LOAD ./src/ConfigGPIO.o
LOAD ./src/ConfigPIT.o
LOAD ./src/ConfigPWM.o
LOAD ./src/Config_eDMA.o
LOAD ./src/Current_Sensor.o
LOAD ./src/DSPIConfig.o
LOAD ./src/MPC57xx__Interrupt_Init.o
LOAD ./src/ModeEntryAndConfig.o
LOAD ./src/UARTConfig.o
LOAD ./src/User_Interface.o
LOAD ./src/Vector.o
LOAD ./src/eTimer.o
LOAD ./src/flashrchw.o
LOAD ./src/gd3000.o
LOAD ./src/intc_SW_mode_isr_vectors_MPC5744P.o
LOAD ./src/intc_sw_handlers.o
LOAD ./src/main.o
LOAD ./src/modele_moteur_virtuel.o
LOAD ./src/pga411.o
LOAD C:/NXP/S32DS_Power_v2.1/S32DS/software/AMMCLIB_1.1.15/MPC574xP_AMMCLIB_v1.1.15/lib/s32ds_ppc\MPC574xP_AMMCLIB.a
START GROUP
LOAD C:/NXP/S32DS_Power_v2.1/S32DS/build_tools/e200_ewl2/lib/e200z4/fp\libc99.a
LOAD C:/NXP/S32DS_Power_v2.1/S32DS/build_tools/e200_ewl2/lib/e200z4/fp\libm.a
LOAD c:/nxp/s32ds_power_v2.1/s32ds/build_tools/powerpc-eabivle-4_9/bin/../lib/gcc/powerpc-eabivle/4.9.4/e200z4/fp\libgcc.a
LOAD C:/NXP/S32DS_Power_v2.1/S32DS/build_tools/e200_ewl2/lib/e200z4/fp\librt.a
END GROUP
LOAD c:/nxp/s32ds_power_v2.1/s32ds/build_tools/powerpc-eabivle-4_9/bin/../lib/gcc/powerpc-eabivle/4.9.4/e200z4/fp/crtend.o
LOAD c:/nxp/s32ds_power_v2.1/s32ds/build_tools/powerpc-eabivle-4_9/bin/../lib/gcc/powerpc-eabivle/4.9.4/e200z4/fp/ecrtn.o
                0x00000000                __HEAP_SIZE = 0x0
                0x00001000                __STACK_SIZE = 0x1000
                0x00060000                SRAM_SIZE = 0x60000
                0x40000000                SRAM_BASE_ADDR = 0x40000000
                0x00010000                LOCALDMEM_SIZE = 0x10000
                0x50800000                LOCALDMEM_BASE_ADDR = 0x50800000

.rchw           0x00fa0000        0x4
 *(.rchw)
 .rchw          0x00fa0000        0x4 ./src/flashrchw.o
                0x00fa0000                RCHW1

.cpu0_reset_vector
                0x00fa0004        0x4
 *(.cpu0_reset_vector)
 .cpu0_reset_vector
                0x00fa0004        0x4 ./src/flashrchw.o
                0x00fa0004                RCHW2

.startup        0x01000000      0x212
                0x01000000                __start = .
 *(.startup)
 .startup       0x01000000      0x212 ./Project_Settings/Startup_Code/startup.o
                0x01000000                _start
                0x0100020e                _fini

.core_exceptions_table
                0x01001000       0xf4
                0x01001000                __IVPR_VALUE = .
 *(.core_exceptions_table)
 .core_exceptions_table
                0x01001000       0xf4 ./src/Vector.o
                0x01001000                VTABLE
                0x01001000                IVOR0_Vector
                0x01001010                IVOR1_Vector
                0x01001020                IVOR2_Vector
                0x01001030                IVOR3_Vector
                0x01001040                IVOR4_Vector
                0x01001050                IVOR5_Vector
                0x01001060                IVOR6_Vector
                0x01001070                IVOR7_Vector
                0x01001080                IVOR8_Vector
                0x01001090                IVOR9_Vector
                0x010010a0                IVOR10_Vector
                0x010010b0                IVOR11_Vector
                0x010010c0                IVOR12_Vector
                0x010010d0                IVOR13_Vector
                0x010010e0                IVOR14_Vector
                0x010010f0                IVOR15_Vector

.intc_vector_table
                0x01002000      0xb78
 *(.intc_vector_table)
 .intc_vector_table
                0x01002000      0xb78 ./src/intc_SW_mode_isr_vectors_MPC5744P.o
                0x01002000                IntcIsrVectorTable

.text           0x01002b80     0xcb50
 *(.text.startup)
 *(.text)
 .text          0x01002b80      0x16c c:/nxp/s32ds_power_v2.1/s32ds/build_tools/powerpc-eabivle-4_9/bin/../lib/gcc/powerpc-eabivle/4.9.4/e200z4/fp/crtbegin.o
 *fill*         0x01002cec        0x4 
 .text          0x01002cf0       0x48 ./src/intc_sw_handlers.o
                0x01002cf0                IVOR4_Handler
 .text          0x01002d38       0x38 c:/nxp/s32ds_power_v2.1/s32ds/build_tools/powerpc-eabivle-4_9/bin/../lib/gcc/powerpc-eabivle/4.9.4/e200z4/fp\libgcc.a(_sf_to_df.o)
                0x01002d38                __extendsfdf2
 .text          0x01002d70      0x26c c:/nxp/s32ds_power_v2.1/s32ds/build_tools/powerpc-eabivle-4_9/bin/../lib/gcc/powerpc-eabivle/4.9.4/e200z4/fp\libgcc.a(_mul_df.o)
                0x01002d70                __muldf3
 .text          0x01002fdc       0x64 c:/nxp/s32ds_power_v2.1/s32ds/build_tools/powerpc-eabivle-4_9/bin/../lib/gcc/powerpc-eabivle/4.9.4/e200z4/fp\libgcc.a(_gt_df.o)
                0x01002fdc                __gtdf2
 .text          0x01003040       0x64 c:/nxp/s32ds_power_v2.1/s32ds/build_tools/powerpc-eabivle-4_9/bin/../lib/gcc/powerpc-eabivle/4.9.4/e200z4/fp\libgcc.a(_lt_df.o)
                0x01003040                __ltdf2
 .text          0x010030a4       0x26 c:/nxp/s32ds_power_v2.1/s32ds/build_tools/powerpc-eabivle-4_9/bin/../lib/gcc/powerpc-eabivle/4.9.4/e200z4/fp\libgcc.a(_make_df.o)
                0x010030a4                __make_dp
 *fill*         0x010030ca        0x2 
 .text          0x010030cc       0x44 c:/nxp/s32ds_power_v2.1/s32ds/build_tools/powerpc-eabivle-4_9/bin/../lib/gcc/powerpc-eabivle/4.9.4/e200z4/fp\libgcc.a(_df_to_sf.o)
                0x010030cc                __truncdfsf2
 .text          0x01003110       0x4a c:/nxp/s32ds_power_v2.1/s32ds/build_tools/powerpc-eabivle-4_9/bin/../lib/gcc/powerpc-eabivle/4.9.4/e200z4/fp\libgcc.a(eabivle.o)
                0x01003110                __eabi
 *fill*         0x0100315a        0x2 
 .text          0x0100315c       0x80 c:/nxp/s32ds_power_v2.1/s32ds/build_tools/powerpc-eabivle-4_9/bin/../lib/gcc/powerpc-eabivle/4.9.4/e200z4/fp\libgcc.a(_unpack_sf.o)
                0x0100315c                __unpack_f
 .text          0x010031dc       0x20 c:/nxp/s32ds_power_v2.1/s32ds/build_tools/powerpc-eabivle-4_9/bin/../lib/gcc/powerpc-eabivle/4.9.4/e200z4/fp\libgcc.a(_make_sf.o)
                0x010031dc                __make_fp
 .text          0x010031fc      0x1e6 c:/nxp/s32ds_power_v2.1/s32ds/build_tools/powerpc-eabivle-4_9/bin/../lib/gcc/powerpc-eabivle/4.9.4/e200z4/fp\libgcc.a(_pack_df.o)
                0x010031fc                __pack_d
 *fill*         0x010033e2        0x2 
 .text          0x010033e4       0xb0 c:/nxp/s32ds_power_v2.1/s32ds/build_tools/powerpc-eabivle-4_9/bin/../lib/gcc/powerpc-eabivle/4.9.4/e200z4/fp\libgcc.a(_unpack_df.o)
                0x010033e4                __unpack_d
 .text          0x01003494       0xc6 c:/nxp/s32ds_power_v2.1/s32ds/build_tools/powerpc-eabivle-4_9/bin/../lib/gcc/powerpc-eabivle/4.9.4/e200z4/fp\libgcc.a(_fpcmp_parts_df.o)
                0x01003494                __fpcmp_parts_d
 *fill*         0x0100355a        0x2 
 .text          0x0100355c      0x118 c:/nxp/s32ds_power_v2.1/s32ds/build_tools/powerpc-eabivle-4_9/bin/../lib/gcc/powerpc-eabivle/4.9.4/e200z4/fp\libgcc.a(_pack_sf.o)
                0x0100355c                __pack_f
 .text          0x01003674       0x48 c:/nxp/s32ds_power_v2.1/s32ds/build_tools/powerpc-eabivle-4_9/bin/../lib/gcc/powerpc-eabivle/4.9.4/e200z4/fp/crtend.o
 *(.text.*)
 .text.FMSTR_InitAppCmds
                0x010036bc       0x82 ./FreeMaster_MPC57xxx/src_common/freemaster_appcmd.o
                0x010036bc                FMSTR_InitAppCmds
 *fill*         0x0100373e        0x2 
 .text.FMSTR_StoreAppCmd
                0x01003740      0x132 ./FreeMaster_MPC57xxx/src_common/freemaster_appcmd.o
                0x01003740                FMSTR_StoreAppCmd
 *fill*         0x01003872        0x2 
 .text.FMSTR_GetAppCmdStatus
                0x01003874       0xe0 ./FreeMaster_MPC57xxx/src_common/freemaster_appcmd.o
                0x01003874                FMSTR_GetAppCmdStatus
 .text.FMSTR_GetAppCmdRespData
                0x01003954      0x116 ./FreeMaster_MPC57xxx/src_common/freemaster_appcmd.o
                0x01003954                FMSTR_GetAppCmdRespData
 *fill*         0x01003a6a        0x2 
 .text.FMSTR_FindAppCmdCallIndex
                0x01003a6c       0x84 ./FreeMaster_MPC57xxx/src_common/freemaster_appcmd.o
 .text.FMSTR_InitPipes
                0x01003af0       0x66 ./FreeMaster_MPC57xxx/src_common/freemaster_pipes.o
                0x01003af0                FMSTR_InitPipes
 *fill*         0x01003b56        0x2 
 .text.FMSTR_FindPipe
                0x01003b58       0x86 ./FreeMaster_MPC57xxx/src_common/freemaster_pipes.o
 *fill*         0x01003bde        0x2 
 .text.FMSTR_PipeGetBytesFree
                0x01003be0       0x9a ./FreeMaster_MPC57xxx/src_common/freemaster_pipes.o
 *fill*         0x01003c7a        0x2 
 .text.FMSTR_PipeGetBytesReady
                0x01003c7c       0x9c ./FreeMaster_MPC57xxx/src_common/freemaster_pipes.o
 .text.FMSTR_PipeDiscardBytes
                0x01003d18       0xd0 ./FreeMaster_MPC57xxx/src_common/freemaster_pipes.o
 .text.FMSTR_PipeReceive
                0x01003de8      0x178 ./FreeMaster_MPC57xxx/src_common/freemaster_pipes.o
 .text.FMSTR_PipeTransmit
                0x01003f60      0x118 ./FreeMaster_MPC57xxx/src_common/freemaster_pipes.o
 .text.FMSTR_PipeFrame
                0x01004078      0x338 ./FreeMaster_MPC57xxx/src_common/freemaster_pipes.o
                0x01004078                FMSTR_PipeFrame
 .text.FMSTR_Init
                0x010043b0       0x54 ./FreeMaster_MPC57xxx/src_common/freemaster_protocol.o
                0x010043b0                FMSTR_Init
 .text.FMSTR_ProtocolDecoder
                0x01004404      0x37e ./FreeMaster_MPC57xxx/src_common/freemaster_protocol.o
                0x01004404                FMSTR_ProtocolDecoder
 *fill*         0x01004782        0x2 
 .text.FMSTR_GetBoardInfo
                0x01004784      0x104 ./FreeMaster_MPC57xxx/src_common/freemaster_protocol.o
                0x01004784                FMSTR_GetBoardInfo
 .text.FMSTR_ReadMem
                0x01004888       0x9a ./FreeMaster_MPC57xxx/src_common/freemaster_protocol.o
                0x01004888                FMSTR_ReadMem
 *fill*         0x01004922        0x2 
 .text.FMSTR_ReadVar
                0x01004924       0x62 ./FreeMaster_MPC57xxx/src_common/freemaster_protocol.o
                0x01004924                FMSTR_ReadVar
 *fill*         0x01004986        0x2 
 .text.FMSTR_WriteMem
                0x01004988       0x6c ./FreeMaster_MPC57xxx/src_common/freemaster_protocol.o
                0x01004988                FMSTR_WriteMem
 .text.FMSTR_WriteMemMask
                0x010049f4       0x6c ./FreeMaster_MPC57xxx/src_common/freemaster_protocol.o
                0x010049f4                FMSTR_WriteMemMask
 .text.FMSTR_InitRec
                0x01004a60       0x2e ./FreeMaster_MPC57xxx/src_common/freemaster_rec.o
                0x01004a60                FMSTR_InitRec
 *fill*         0x01004a8e        0x2 
 .text.FMSTR_AbortRec
                0x01004a90       0x1e ./FreeMaster_MPC57xxx/src_common/freemaster_rec.o
 *fill*         0x01004aae        0x2 
 .text.FMSTR_SetUpRec
                0x01004ab0      0x3fe ./FreeMaster_MPC57xxx/src_common/freemaster_rec.o
                0x01004ab0                FMSTR_SetUpRec
 *fill*         0x01004eae        0x2 
 .text.FMSTR_TriggerRec
                0x01004eb0       0x5a ./FreeMaster_MPC57xxx/src_common/freemaster_rec.o
                0x01004eb0                FMSTR_TriggerRec
 *fill*         0x01004f0a        0x2 
 .text.FMSTR_StartRec
                0x01004f0c       0xda ./FreeMaster_MPC57xxx/src_common/freemaster_rec.o
                0x01004f0c                FMSTR_StartRec
 *fill*         0x01004fe6        0x2 
 .text.FMSTR_StopRec
                0x01004fe8       0x8c ./FreeMaster_MPC57xxx/src_common/freemaster_rec.o
                0x01004fe8                FMSTR_StopRec
 .text.FMSTR_GetRecStatus
                0x01005074       0x7c ./FreeMaster_MPC57xxx/src_common/freemaster_rec.o
                0x01005074                FMSTR_GetRecStatus
 .text.FMSTR_GetRecBuffSize
                0x010050f0       0x18 ./FreeMaster_MPC57xxx/src_common/freemaster_rec.o
                0x010050f0                FMSTR_GetRecBuffSize
 .text.FMSTR_GetRecBuff
                0x01005108       0xae ./FreeMaster_MPC57xxx/src_common/freemaster_rec.o
                0x01005108                FMSTR_GetRecBuff
 *fill*         0x010051b6        0x2 
 .text.FMSTR_Compare8S
                0x010051b8       0x40 ./FreeMaster_MPC57xxx/src_common/freemaster_rec.o
 .text.FMSTR_Compare8U
                0x010051f8       0x40 ./FreeMaster_MPC57xxx/src_common/freemaster_rec.o
 .text.FMSTR_Compare16S
                0x01005238       0x40 ./FreeMaster_MPC57xxx/src_common/freemaster_rec.o
 .text.FMSTR_Compare16U
                0x01005278       0x40 ./FreeMaster_MPC57xxx/src_common/freemaster_rec.o
 .text.FMSTR_Compare32S
                0x010052b8       0x3a ./FreeMaster_MPC57xxx/src_common/freemaster_rec.o
 *fill*         0x010052f2        0x2 
 .text.FMSTR_Compare32U
                0x010052f4       0x3a ./FreeMaster_MPC57xxx/src_common/freemaster_rec.o
 *fill*         0x0100532e        0x2 
 .text.FMSTR_InitScope
                0x01005330       0x14 ./FreeMaster_MPC57xxx/src_common/freemaster_scope.o
                0x01005330                FMSTR_InitScope
 .text.FMSTR_SetUpScope
                0x01005344      0x15c ./FreeMaster_MPC57xxx/src_common/freemaster_scope.o
                0x01005344                FMSTR_SetUpScope
 .text.FMSTR_ReadScope
                0x010054a0       0xc4 ./FreeMaster_MPC57xxx/src_common/freemaster_scope.o
                0x010054a0                FMSTR_ReadScope
 .text.FMSTR_SCI_RDCLRSR
                0x01005564       0x32 ./FreeMaster_MPC57xxx/src_common/freemaster_serial.o
 *fill*         0x01005596        0x2 
 .text.FMSTR_RxQueue
                0x01005598       0x84 ./FreeMaster_MPC57xxx/src_common/freemaster_serial.o
 .text.FMSTR_RxDequeue
                0x0100561c       0xc2 ./FreeMaster_MPC57xxx/src_common/freemaster_serial.o
 *fill*         0x010056de        0x2 
 .text.FMSTR_ProcessSCI
                0x010056e0       0xf4 ./FreeMaster_MPC57xxx/src_common/freemaster_serial.o
                0x010056e0                FMSTR_ProcessSCI
 .text.FMSTR_Listen
                0x010057d4       0x84 ./FreeMaster_MPC57xxx/src_common/freemaster_serial.o
 .text.FMSTR_SendError
                0x01005858       0x3c ./FreeMaster_MPC57xxx/src_common/freemaster_serial.o
 .text.FMSTR_SendResponse
                0x01005894      0x13c ./FreeMaster_MPC57xxx/src_common/freemaster_serial.o
                0x01005894                FMSTR_SendResponse
 .text.FMSTR_Tx
                0x010059d0      0x106 ./FreeMaster_MPC57xxx/src_common/freemaster_serial.o
                0x010059d0                FMSTR_Tx
 *fill*         0x01005ad6        0x2 
 .text.FMSTR_Rx
                0x01005ad8      0x2e2 ./FreeMaster_MPC57xxx/src_common/freemaster_serial.o
                0x01005ad8                FMSTR_Rx
 *fill*         0x01005dba        0x2 
 .text.FMSTR_InitSerial
                0x01005dbc       0x6e ./FreeMaster_MPC57xxx/src_common/freemaster_serial.o
                0x01005dbc                FMSTR_InitSerial
 *fill*         0x01005e2a        0x2 
 .text.FMSTR_Poll
                0x01005e2c       0x22 ./FreeMaster_MPC57xxx/src_common/freemaster_serial.o
                0x01005e2c                FMSTR_Poll
 *fill*         0x01005e4e        0x2 
 .text.FMSTR_Isr
                0x01005e50       0x22 ./FreeMaster_MPC57xxx/src_platforms/MPC57xx/freemaster_MPC57xx.o
                0x01005e50                FMSTR_Isr
 *fill*         0x01005e72        0x2 
 .text.FMSTR_CopyToBuffer
                0x01005e74       0x68 ./FreeMaster_MPC57xxx/src_platforms/MPC57xx/freemaster_MPC57xx.o
                0x01005e74                FMSTR_CopyToBuffer
 .text.FMSTR_CopyFromBuffer
                0x01005edc       0x68 ./FreeMaster_MPC57xxx/src_platforms/MPC57xx/freemaster_MPC57xx.o
                0x01005edc                FMSTR_CopyFromBuffer
 .text.FMSTR_CopyFromBufferWithMask
                0x01005f44       0xbc ./FreeMaster_MPC57xxx/src_platforms/MPC57xx/freemaster_MPC57xx.o
                0x01005f44                FMSTR_CopyFromBufferWithMask
 .text.ConfigPLL0
                0x01006000       0xe4 ./src/ClockConfig.o
                0x01006000                ConfigPLL0
 .text.DivideSystClock
                0x010060e4       0x8e ./src/ClockConfig.o
                0x010060e4                DivideSystClock
 *fill*         0x01006172        0x2 
 .text.ConfigADCClock
                0x01006174       0xa8 ./src/ClockConfig.o
                0x01006174                ConfigADCClock
 .text.ConfigMotCClock
                0x0100621c       0xa8 ./src/ClockConfig.o
                0x0100621c                ConfigMotCClock
 .text.MLIB_Add_FLT
                0x010062c4       0x1e ./src/Cmd_moteur.o
 *fill*         0x010062e2        0x2 
 .text.MLIB_Sub_FLT
                0x010062e4       0x1e ./src/Cmd_moteur.o
 *fill*         0x01006302        0x2 
 .text.MLIB_Mul_FLT
                0x01006304       0x1e ./src/Cmd_moteur.o
 *fill*         0x01006322        0x2 
 .text.MLIB_Div_FLT
                0x01006324       0x1e ./src/Cmd_moteur.o
 *fill*         0x01006342        0x2 
 .text.ConvertPU_F16FLT_S32DSPPC_EFPU2
                0x01006344       0x2a ./src/Cmd_moteur.o
 *fill*         0x0100636e        0x2 
 .text.MLIB_ConvertPU_F16FLT
                0x01006370       0x2a ./src/Cmd_moteur.o
 *fill*         0x0100639a        0x2 
 .text.init_Cmd_Moteur_Variables
                0x0100639c      0x126 ./src/Cmd_moteur.o
                0x0100639c                init_Cmd_Moteur_Variables
 *fill*         0x010064c2        0x2 
 .text.raz_Cmd_Moteur_Variables
                0x010064c4       0xfc ./src/Cmd_moteur.o
                0x010064c4                raz_Cmd_Moteur_Variables
 .text.raz_Entree_Cmd
                0x010065c0       0x4c ./src/Cmd_moteur.o
                0x010065c0                raz_Entree_Cmd
 .text.Exec_Fast_Loop
                0x0100660c      0x292 ./src/Cmd_moteur.o
                0x0100660c                Exec_Fast_Loop
 *fill*         0x0100689e        0x2 
 .text.User_Speed_Ramp
                0x010068a0       0xf8 ./src/Cmd_moteur.o
                0x010068a0                User_Speed_Ramp
 .text.Exec_Slow_Loop
                0x01006998       0x74 ./src/Cmd_moteur.o
                0x01006998                Exec_Slow_Loop
 .text.U_F_LUT  0x01006a0c      0x1b2 ./src/Cmd_moteur.o
                0x01006a0c                U_F_LUT
 *fill*         0x01006bbe        0x2 
 .text.Estimate_Rotor_Angle
                0x01006bc0       0xe6 ./src/Cmd_moteur.o
                0x01006bc0                Estimate_Rotor_Angle
 *fill*         0x01006ca6        0x2 
 .text.Convert_CmdDuty_F16_INT16
                0x01006ca8       0xb4 ./src/Cmd_moteur.o
                0x01006ca8                Convert_CmdDuty_F16_INT16
 .text.ADC0_EOC_FAST_LOOP_isr
                0x01006d5c      0x380 ./src/Cmd_moteur.o
                0x01006d5c                ADC0_EOC_FAST_LOOP_isr
 .text.ADC_Enter_PWDN
                0x010070dc      0x14c ./src/ConfigADC.o
                0x010070dc                ADC_Enter_PWDN
 .text.ADC_Exit_PWDN
                0x01007228      0x14c ./src/ConfigADC.o
                0x01007228                ADC_Exit_PWDN
 .text.ADC_init
                0x01007374      0x316 ./src/ConfigADC.o
                0x01007374                ADC_init
 *fill*         0x0100768a        0x2 
 .text.ADC_ConvTime_config
                0x0100768c      0x1c8 ./src/ConfigADC.o
                0x0100768c                ADC_ConvTime_config
 .text.ADC_DisableAllChannel_NormalConv
                0x01007854       0xbc ./src/ConfigADC.o
                0x01007854                ADC_DisableAllChannel_NormalConv
 .text.ADC_SelectChannel_NormalConv
                0x01007910      0x678 ./src/ConfigADC.o
                0x01007910                ADC_SelectChannel_NormalConv
 .text.ADC_ISRGlobalEnable
                0x01007f88      0x2a0 ./src/ConfigADC.o
                0x01007f88                ADC_ISRGlobalEnable
 .text.ADC_ChannelMask_ISR
                0x01008228      0x872 ./src/ConfigADC.o
                0x01008228                ADC_ChannelMask_ISR
 *fill*         0x01008a9a        0x2 
 .text.ADC_ReadChannel
                0x01008a9c      0x240 ./src/ConfigADC.o
                0x01008a9c                ADC_ReadChannel
 .text.ADC_Calibration
                0x01008cdc      0x2c8 ./src/ConfigADC.o
                0x01008cdc                ADC_Calibration
 .text.ADC_Get_EOCTU
                0x01008fa4       0xdc ./src/ConfigADC.o
                0x01008fa4                ADC_Get_EOCTU
 .text.ADC_Clear_EOCTU
                0x01009080       0xbc ./src/ConfigADC.o
                0x01009080                ADC_Clear_EOCTU
 .text.ADC_Clear_All_Flags
                0x0100913c       0xb4 ./src/ConfigADC.o
                0x0100913c                ADC_Clear_All_Flags
 .text.Init_CTU0_GeneralControl
                0x010091f0       0x38 ./src/ConfigCTU.o
                0x010091f0                Init_CTU0_GeneralControl
 .text.Init_CTU0_TriggerGenerator_Trigger2
                0x01009228       0xea ./src/ConfigCTU.o
                0x01009228                Init_CTU0_TriggerGenerator_Trigger2
 *fill*         0x01009312        0x2 
 .text.Init_CTU0_TriggerScheduler
                0x01009314      0x2fa ./src/ConfigCTU.o
                0x01009314                Init_CTU0_TriggerScheduler
 *fill*         0x0100960e        0x2 
 .text.CTU0_Stream_or_Parallel_ADC_List
                0x01009610       0x6c ./src/ConfigCTU.o
                0x01009610                CTU0_Stream_or_Parallel_ADC_List
 .text.Init_CTU0_TriggerScheduler_ADC_SingleConv
                0x0100967c      0x282 ./src/ConfigCTU.o
                0x0100967c                Init_CTU0_TriggerScheduler_ADC_SingleConv
 *fill*         0x010098fe        0x2 
 .text.CTU0_General_Reload_Enable
                0x01009900       0x22 ./src/ConfigCTU.o
                0x01009900                CTU0_General_Reload_Enable
 *fill*         0x01009922        0x2 
 .text.Set_pad_out
                0x01009924       0x42 ./src/ConfigGPIO.o
                0x01009924                Set_pad_out
 *fill*         0x01009966        0x2 
 .text.Read_pad_in
                0x01009968       0x38 ./src/ConfigGPIO.o
                0x01009968                Read_pad_in
 .text.Config_pad_out
                0x010099a0      0x14e ./src/ConfigGPIO.o
                0x010099a0                Config_pad_out
 *fill*         0x01009aee        0x2 
 .text.Config_pad_in
                0x01009af0       0xd4 ./src/ConfigGPIO.o
                0x01009af0                Config_pad_in
 .text.Config_analog_pad
                0x01009bc4       0x4a ./src/ConfigGPIO.o
                0x01009bc4                Config_analog_pad
 *fill*         0x01009c0e        0x2 
 .text.Config_Alter_Function_Out
                0x01009c10       0x40 ./src/ConfigGPIO.o
                0x01009c10                Config_Alter_Function_Out
 .text.Config_Alter_Function_In
                0x01009c50       0x40 ./src/ConfigGPIO.o
                0x01009c50                Config_Alter_Function_In
 .text.Config_ERQ_Pad
                0x01009c90      0x112 ./src/ConfigGPIO.o
                0x01009c90                Config_ERQ_Pad
 *fill*         0x01009da2        0x2 
 .text.PIT_ch_Init
                0x01009da4       0x52 ./src/ConfigPIT.o
                0x01009da4                PIT_ch_Init
 *fill*         0x01009df6        0x2 
 .text.startPIT_ch
                0x01009df8       0x2a ./src/ConfigPIT.o
                0x01009df8                startPIT_ch
 *fill*         0x01009e22        0x2 
 .text.stopPIT_ch
                0x01009e24       0x2a ./src/ConfigPIT.o
                0x01009e24                stopPIT_ch
 *fill*         0x01009e4e        0x2 
 .text.DelayTimerGeneral_us
                0x01009e50       0x7c ./src/ConfigPIT.o
                0x01009e50                DelayTimerGeneral_us
 .text.DelayTimerGeneral_ms
                0x01009ecc       0x7e ./src/ConfigPIT.o
                0x01009ecc                DelayTimerGeneral_ms
 *fill*         0x01009f4a        0x2 
 .text.InitPWM0_Sub_ClkConfig
                0x01009f4c       0x88 ./src/ConfigPWM.o
                0x01009f4c                InitPWM0_Sub_ClkConfig
 .text.Init_IO_PWM0
                0x01009fd4      0x12a ./src/ConfigPWM.o
                0x01009fd4                Init_IO_PWM0
 *fill*         0x0100a0fe        0x2 
 .text.Config_PWM_Output
                0x0100a100      0x1bc ./src/ConfigPWM.o
                0x0100a100                Config_PWM_Output
 .text.InitPWM0_Sub_OpMode
                0x0100a2bc      0x348 ./src/ConfigPWM.o
                0x0100a2bc                InitPWM0_Sub_OpMode
 .text.LoadPWM0_Params
                0x0100a604      0x176 ./src/ConfigPWM.o
                0x0100a604                LoadPWM0_Params
 *fill*         0x0100a77a        0x2 
 .text.Run_PWM0_SubModule
                0x0100a77c      0x178 ./src/ConfigPWM.o
                0x0100a77c                Run_PWM0_SubModule
 .text.Config_PWM0_SignalParams
                0x0100a8f4      0x1aa ./src/ConfigPWM.o
                0x0100a8f4                Config_PWM0_SignalParams
 *fill*         0x0100aa9e        0x2 
 .text.Config_PWM0_OutA_SignalParams
                0x0100aaa0      0x176 ./src/ConfigPWM.o
                0x0100aaa0                Config_PWM0_OutA_SignalParams
 *fill*         0x0100ac16        0x2 
 .text.Config_PWM0_OutB_SignalParams
                0x0100ac18      0x17a ./src/ConfigPWM.o
                0x0100ac18                Config_PWM0_OutB_SignalParams
 *fill*         0x0100ad92        0x2 
 .text.Disable_Fault_PWM0_All
                0x0100ad94       0x32 ./src/ConfigPWM.o
                0x0100ad94                Disable_Fault_PWM0_All
 *fill*         0x0100adc6        0x2 
 .text.Activate_PWM0_Output
                0x0100adc8      0x274 ./src/ConfigPWM.o
                0x0100adc8                Activate_PWM0_Output
 .text.Enable_OutputTrigger
                0x0100b03c       0xe2 ./src/ConfigPWM.o
                0x0100b03c                Enable_OutputTrigger
 *fill*         0x0100b11e        0x2 
 .text.Disable_OutputTrigger
                0x0100b120       0x36 ./src/ConfigPWM.o
                0x0100b120                Disable_OutputTrigger
 *fill*         0x0100b156        0x2 
 .text.Start_PWM0_Trigger
                0x0100b158       0x6c ./src/ConfigPWM.o
                0x0100b158                Start_PWM0_Trigger
 .text.Stop_PWM0_Trigger
                0x0100b1c4       0x3c ./src/ConfigPWM.o
                0x0100b1c4                Stop_PWM0_Trigger
 .text.MLIB_Neg_FLT
                0x0100b200       0x1c ./src/Current_Sensor.o
 .text.MLIB_Add_FLT
                0x0100b21c       0x1e ./src/Current_Sensor.o
 *fill*         0x0100b23a        0x2 
 .text.MLIB_Mul_FLT
                0x0100b23c       0x1e ./src/Current_Sensor.o
 *fill*         0x0100b25a        0x2 
 .text.MLIB_Div_FLT
                0x0100b25c       0x1e ./src/Current_Sensor.o
 *fill*         0x0100b27a        0x2 
 .text.Current_sensor_Config_Init
                0x0100b27c      0x114 ./src/Current_Sensor.o
                0x0100b27c                Current_sensor_Config_Init
 .text.Config_Init_ADC_IPhase
                0x0100b390       0xde ./src/Current_Sensor.o
                0x0100b390                Config_Init_ADC_IPhase
 *fill*         0x0100b46e        0x2 
 .text.Config_CTU0_IPhase_A_B
                0x0100b470       0xb6 ./src/Current_Sensor.o
                0x0100b470                Config_CTU0_IPhase_A_B
 *fill*         0x0100b526        0x2 
 .text.Get_Iphase_MotorGD_FLT
                0x0100b528      0x182 ./src/Current_Sensor.o
                0x0100b528                Get_Iphase_MotorGD_FLT
 *fill*         0x0100b6aa        0x2 
 .text.Deduce_Iphase_C_FLT
                0x0100b6ac       0x6c ./src/Current_Sensor.o
                0x0100b6ac                Deduce_Iphase_C_FLT
 .text.Get_ThreePhase_Current_MotorGD_FLT
                0x0100b718       0x72 ./src/Current_Sensor.o
                0x0100b718                Get_ThreePhase_Current_MotorGD_FLT
 *fill*         0x0100b78a        0x2 
 .text.Perform_Current_Meas_Calibration
                0x0100b78c      0x256 ./src/Current_Sensor.o
                0x0100b78c                Perform_Current_Meas_Calibration
 *fill*         0x0100b9e2        0x2 
 .text.Compensate_Iphase_MotorGD_FLT
                0x0100b9e4       0x2c ./src/Current_Sensor.o
                0x0100b9e4                Compensate_Iphase_MotorGD_FLT
 .text.init_dspi0_ports
                0x0100ba10       0xc4 ./src/DSPIConfig.o
                0x0100ba10                init_dspi0_ports
 .text.init_dspi2_ports
                0x0100bad4       0xc4 ./src/DSPIConfig.o
                0x0100bad4                init_dspi2_ports
 .text.init_dspi0
                0x0100bb98       0x5e ./src/DSPIConfig.o
                0x0100bb98                init_dspi0
 *fill*         0x0100bbf6        0x2 
 .text.init_dspi2
                0x0100bbf8       0x5e ./src/DSPIConfig.o
                0x0100bbf8                init_dspi2
 *fill*         0x0100bc56        0x2 
 .text.SetTiming_dspi0
                0x0100bc58      0x144 ./src/DSPIConfig.o
                0x0100bc58                SetTiming_dspi0
 .text.SetTiming_dspi2
                0x0100bd9c      0x138 ./src/DSPIConfig.o
                0x0100bd9c                SetTiming_dspi2
 .text.DSPI_Enter_Exit_HaltMode
                0x0100bed4       0xd8 ./src/DSPIConfig.o
                0x0100bed4                DSPI_Enter_Exit_HaltMode
 .text.Transmit_DSPI
                0x0100bfac      0x24a ./src/DSPIConfig.o
                0x0100bfac                Transmit_DSPI
 *fill*         0x0100c1f6        0x2 
 .text.Transmit_DSPI_8bits
                0x0100c1f8      0x24e ./src/DSPIConfig.o
                0x0100c1f8                Transmit_DSPI_8bits
 *fill*         0x0100c446        0x2 
 .text.Read_DSPI
                0x0100c448      0x182 ./src/DSPIConfig.o
                0x0100c448                Read_DSPI
 *fill*         0x0100c5ca        0x2 
 .text.Transmit_Read_DSPI_8bits
                0x0100c5cc       0x8e ./src/DSPIConfig.o
                0x0100c5cc                Transmit_Read_DSPI_8bits
 *fill*         0x0100c65a        0x2 
 .text.Transmit_Read_DSPI_32bits
                0x0100c65c       0xd2 ./src/DSPIConfig.o
                0x0100c65c                Transmit_Read_DSPI_32bits
 *fill*         0x0100c72e        0x2 
 .text.SetIVPR  0x0100c730       0x1a ./src/MPC57xx__Interrupt_Init.o
                0x0100c730                SetIVPR
 *fill*         0x0100c74a        0x2 
 .text.InitINTC
                0x0100c74c       0x2a ./src/MPC57xx__Interrupt_Init.o
                0x0100c74c                InitINTC
 *fill*         0x0100c776        0x2 
 .text.enableIrq
                0x0100c778       0x20 ./src/MPC57xx__Interrupt_Init.o
                0x0100c778                enableIrq
 .text.xcptn_xmpl
                0x0100c798       0x34 ./src/MPC57xx__Interrupt_Init.o
                0x0100c798                xcptn_xmpl
 .text.peri_clock_gating
                0x0100c7cc      0x108 ./src/ModeEntryAndConfig.o
                0x0100c7cc                peri_clock_gating
 .text.ModeConfig
                0x0100c8d4      0x24c ./src/ModeEntryAndConfig.o
                0x0100c8d4                ModeConfig
 .text.ModeEnable
                0x0100cb20       0x8c ./src/ModeEntryAndConfig.o
                0x0100cb20                ModeEnable
 .text.ModeTransition
                0x0100cbac       0x88 ./src/ModeEntryAndConfig.o
                0x0100cbac                ModeTransition
 .text.Config_LINFlex1_UART
                0x0100cc34       0x40 ./src/UARTConfig.o
                0x0100cc34                Config_LINFlex1_UART
 .text.InitPortLinFlex1
                0x0100cc74       0x64 ./src/UARTConfig.o
                0x0100cc74                InitPortLinFlex1
 .text.InitUARTLinFlex1
                0x0100ccd8       0xb8 ./src/UARTConfig.o
                0x0100ccd8                InitUARTLinFlex1
 .text.SetBaudRateLinFlex
                0x0100cd90       0x98 ./src/UARTConfig.o
                0x0100cd90                SetBaudRateLinFlex
 .text.EnterExitInitModeLinFlex
                0x0100ce28       0x80 ./src/UARTConfig.o
                0x0100ce28                EnterExitInitModeLinFlex
 .text.init_User_Interface
                0x0100cea8       0x98 ./src/User_Interface.o
                0x0100cea8                init_User_Interface
 .text.Config_eTimer2_InputCapture
                0x0100cf40      0x108 ./src/eTimer.o
                0x0100cf40                Config_eTimer2_InputCapture
 .text.Start_eTimer2_InputCapture_Count
                0x0100d048       0x32 ./src/eTimer.o
                0x0100d048                Start_eTimer2_InputCapture_Count
 *fill*         0x0100d07a        0x2 
 .text.gd3000_Activ_Pad_Enable
                0x0100d07c       0x26 ./src/gd3000.o
                0x0100d07c                gd3000_Activ_Pad_Enable
 *fill*         0x0100d0a2        0x2 
 .text.gd3000_Inhib_Pad_Enable
                0x0100d0a4       0x26 ./src/gd3000.o
                0x0100d0a4                gd3000_Inhib_Pad_Enable
 *fill*         0x0100d0ca        0x2 
 .text.gd3000_Activ_Pad_Reset
                0x0100d0cc       0x26 ./src/gd3000.o
                0x0100d0cc                gd3000_Activ_Pad_Reset
 *fill*         0x0100d0f2        0x2 
 .text.gd3000_Inhib_Pad_Reset
                0x0100d0f4       0x26 ./src/gd3000.o
                0x0100d0f4                gd3000_Inhib_Pad_Reset
 *fill*         0x0100d11a        0x2 
 .text.gd3000_Reset
                0x0100d11c       0x26 ./src/gd3000.o
                0x0100d11c                gd3000_Reset
 *fill*         0x0100d142        0x2 
 .text.gd3000_Config_GPIO
                0x0100d144      0x12a ./src/gd3000.o
                0x0100d144                gd3000_Config_GPIO
 *fill*         0x0100d26e        0x2 
 .text.gd3000_Config_DSPI
                0x0100d270       0x38 ./src/gd3000.o
                0x0100d270                gd3000_Config_DSPI
 .text.gd3000_Toggle_Pins_Init
                0x0100d2a8       0xac ./src/gd3000.o
                0x0100d2a8                gd3000_Toggle_Pins_Init
 .text.gd3000_initialization_procedure
                0x0100d354       0x9e ./src/gd3000.o
                0x0100d354                gd3000_initialization_procedure
 *fill*         0x0100d3f2        0x2 
 .text.gd3000_Config_Init
                0x0100d3f4       0xca ./src/gd3000.o
                0x0100d3f4                gd3000_Config_Init
 *fill*         0x0100d4be        0x2 
 .text.gd3000_read_reg
                0x0100d4c0       0x48 ./src/gd3000.o
                0x0100d4c0                gd3000_read_reg
 .text.gd3000_read_write_reg
                0x0100d508       0x6a ./src/gd3000.o
                0x0100d508                gd3000_read_write_reg
 *fill*         0x0100d572        0x2 
 .text.gd3000_Config_FlexPWM0_BrasABC
                0x0100d574      0x236 ./src/gd3000.o
                0x0100d574                gd3000_Config_FlexPWM0_BrasABC
 *fill*         0x0100d7aa        0x2 
 .text.gd3000_Update_DutyCycle_Cmd_PWM_ABC
                0x0100d7ac      0x11c ./src/gd3000.o
                0x0100d7ac                gd3000_Update_DutyCycle_Cmd_PWM_ABC
 .text.gd3000_RunPWM_BrasABC
                0x0100d8c8       0x2a ./src/gd3000.o
                0x0100d8c8                gd3000_RunPWM_BrasABC
 *fill*         0x0100d8f2        0x2 
 .text.gd3000_Read_Status
                0x0100d8f4       0xf6 ./src/gd3000.o
                0x0100d8f4                gd3000_Read_Status
 *fill*         0x0100d9ea        0x2 
 .text.ERQ_GD_INT_OCOUT_isr
                0x0100d9ec       0x92 ./src/gd3000.o
                0x0100d9ec                ERQ_GD_INT_OCOUT_isr
 *fill*         0x0100da7e        0x2 
 .text.dummy    0x0100da80        0xc ./src/intc_SW_mode_isr_vectors_MPC5744P.o
                0x0100da80                dummy
 .text.init_MCU_ClockAndMode
                0x0100da8c       0x6c ./src/main.o
                0x0100da8c                init_MCU_ClockAndMode
 .text.init_MCU_periph
                0x0100daf8       0x26 ./src/main.o
                0x0100daf8                init_MCU_periph
 *fill*         0x0100db1e        0x2 
 .text.init_ISR_appli
                0x0100db20       0x50 ./src/main.o
                0x0100db20                init_ISR_appli
 .text.main     0x0100db70       0xd8 ./src/main.o
                0x0100db70                main
 .text.ERQ_SW1_isr
                0x0100dc48      0x1d0 ./src/main.o
                0x0100dc48                ERQ_SW1_isr
 .text.MLIB_Add_FLT
                0x0100de18       0x1e ./src/modele_moteur_virtuel.o
 *fill*         0x0100de36        0x2 
 .text.MLIB_Sub_FLT
                0x0100de38       0x1e ./src/modele_moteur_virtuel.o
 *fill*         0x0100de56        0x2 
 .text.MLIB_Mul_FLT
                0x0100de58       0x1e ./src/modele_moteur_virtuel.o
 *fill*         0x0100de76        0x2 
 .text.MLIB_Div_FLT
                0x0100de78       0x1e ./src/modele_moteur_virtuel.o
 *fill*         0x0100de96        0x2 
 .text.init_modele_moteur_virtuel
                0x0100de98      0x260 ./src/modele_moteur_virtuel.o
                0x0100de98                init_modele_moteur_virtuel
 .text.raz_variables_moteur_virtuel
                0x0100e0f8       0xa6 ./src/modele_moteur_virtuel.o
                0x0100e0f8                raz_variables_moteur_virtuel
 *fill*         0x0100e19e        0x2 
 .text.Get_Phase_Current_Virtuel
                0x0100e1a0      0x1ce ./src/modele_moteur_virtuel.o
                0x0100e1a0                Get_Phase_Current_Virtuel
 *fill*         0x0100e36e        0x2 
 .text.Get_Angle_Rotor_Virtuel
                0x0100e370      0x1a2 ./src/modele_moteur_virtuel.o
                0x0100e370                Get_Angle_Rotor_Virtuel
 *fill*         0x0100e512        0x2 
 .text.MLIB_Add_FLT
                0x0100e514       0x1e ./src/pga411.o
 *fill*         0x0100e532        0x2 
 .text.MLIB_Sub_FLT
                0x0100e534       0x1e ./src/pga411.o
 *fill*         0x0100e552        0x2 
 .text.MLIB_Mul_FLT
                0x0100e554       0x1e ./src/pga411.o
 *fill*         0x0100e572        0x2 
 .text.MLIB_Div_FLT
                0x0100e574       0x1e ./src/pga411.o
 *fill*         0x0100e592        0x2 
 .text.pga411_init_IO
                0x0100e594       0x70 ./src/pga411.o
                0x0100e594                pga411_init_IO
 .text.pga411_init_SPI
                0x0100e604       0x38 ./src/pga411.o
                0x0100e604                pga411_init_SPI
 .text.pga411_reset
                0x0100e63c       0x40 ./src/pga411.o
                0x0100e63c                pga411_reset
 .text.pga411_config
                0x0100e67c       0xb8 ./src/pga411.o
                0x0100e67c                pga411_config
 .text.pga411_Config_Init
                0x0100e734       0x80 ./src/pga411.o
                0x0100e734                pga411_Config_Init
 .text.pga411_set_resolution
                0x0100e7b4       0x3e ./src/pga411.o
                0x0100e7b4                pga411_set_resolution
 *fill*         0x0100e7f2        0x2 
 .text.pga411_Change_State
                0x0100e7f4       0x78 ./src/pga411.o
                0x0100e7f4                pga411_Change_State
 .text.pga411_DeviceUnlock
                0x0100e86c       0x42 ./src/pga411.o
                0x0100e86c                pga411_DeviceUnlock
 *fill*         0x0100e8ae        0x2 
 .text.pga411_ReadReg
                0x0100e8b0       0x50 ./src/pga411.o
                0x0100e8b0                pga411_ReadReg
 .text.pga411_ReadReg_CRC_connu_OneRead
                0x0100e900       0x44 ./src/pga411.o
                0x0100e900                pga411_ReadReg_CRC_connu_OneRead
 .text.pga411_WriteReg
                0x0100e944       0x3a ./src/pga411.o
                0x0100e944                pga411_WriteReg
 *fill*         0x0100e97e        0x2 
 .text.pga411_XmitSPI
                0x0100e980       0xea ./src/pga411.o
                0x0100e980                pga411_XmitSPI
 *fill*         0x0100ea6a        0x2 
 .text.pga411_XmitSPI_no_CRC_compute
                0x0100ea6c       0xb8 ./src/pga411.o
                0x0100ea6c                pga411_XmitSPI_no_CRC_compute
 .text.pga411_Compute_CRC6
                0x0100eb24       0xf0 ./src/pga411.o
                0x0100eb24                pga411_Compute_CRC6
 .text.Toggle_FaultRes_Pin
                0x0100ec14       0x36 ./src/pga411.o
                0x0100ec14                Toggle_FaultRes_Pin
 *fill*         0x0100ec4a        0x2 
 .text.pga411_Sfault_status
                0x0100ec4c       0x52 ./src/pga411.o
                0x0100ec4c                pga411_Sfault_status
 *fill*         0x0100ec9e        0x2 
 .text.pga411_FaultPin_status
                0x0100eca0       0x2e ./src/pga411.o
                0x0100eca0                pga411_FaultPin_status
 *fill*         0x0100ecce        0x2 
 .text.pga411_GetFault_status
                0x0100ecd0       0x3c ./src/pga411.o
                0x0100ecd0                pga411_GetFault_status
 .text.Convert_AngleElec_Rad_FLT
                0x0100ed0c      0x2e0 ./src/pga411.o
                0x0100ed0c                Convert_AngleElec_Rad_FLT
 .text.Convert_AngleMeca_Rad_FLT
                0x0100efec      0x160 ./src/pga411.o
                0x0100efec                Convert_AngleMeca_Rad_FLT
 .text.Adapt_Angle_minus_pi_plus_pi_FLT
                0x0100f14c       0xde ./src/pga411.o
                0x0100f14c                Adapt_Angle_minus_pi_plus_pi_FLT
 *fill*         0x0100f22a        0x2 
 .text.ERQ_PGA411_Fault_isr
                0x0100f22c       0x5e ./src/pga411.o
                0x0100f22c                ERQ_PGA411_Fault_isr
 *fill*         0x0100f28a        0x2 
 .text.GFLIB_Sign_FLT
                0x0100f28c       0x20 C:/NXP/S32DS_Power_v2.1/S32DS/software/AMMCLIB_1.1.15/MPC574xP_AMMCLIB_v1.1.15/lib/s32ds_ppc\MPC574xP_AMMCLIB.a(GFLIB_Sign_c.o)
                0x0100f28c                GFLIB_Sign_FLT
 .text.GFLIB_SinCos_FLT
                0x0100f2ac      0x120 C:/NXP/S32DS_Power_v2.1/S32DS/software/AMMCLIB_1.1.15/MPC574xP_AMMCLIB_v1.1.15/lib/s32ds_ppc\MPC574xP_AMMCLIB.a(GFLIB_SinCos_c.o)
                0x0100f2ac                GFLIB_SinCos_FLT
 .text.GMCLIB_ClarkInv_FLT
                0x0100f3cc       0x30 C:/NXP/S32DS_Power_v2.1/S32DS/software/AMMCLIB_1.1.15/MPC574xP_AMMCLIB_v1.1.15/lib/s32ds_ppc\MPC574xP_AMMCLIB.a(GMCLIB_ClarkInv_c.o)
                0x0100f3cc                GMCLIB_ClarkInv_FLT
 .text.GMCLIB_Clark_FLT
                0x0100f3fc       0x26 C:/NXP/S32DS_Power_v2.1/S32DS/software/AMMCLIB_1.1.15/MPC574xP_AMMCLIB_v1.1.15/lib/s32ds_ppc\MPC574xP_AMMCLIB.a(GMCLIB_Clark_c.o)
                0x0100f3fc                GMCLIB_Clark_FLT
 *fill*         0x0100f422        0x2 
 .text.GMCLIB_ParkInv_FLT
                0x0100f424       0x56 C:/NXP/S32DS_Power_v2.1/S32DS/software/AMMCLIB_1.1.15/MPC574xP_AMMCLIB_v1.1.15/lib/s32ds_ppc\MPC574xP_AMMCLIB.a(GMCLIB_ParkInv_c.o)
                0x0100f424                GMCLIB_ParkInv_FLT
 *fill*         0x0100f47a        0x2 
 .text.GMCLIB_Park_FLT
                0x0100f47c       0x56 C:/NXP/S32DS_Power_v2.1/S32DS/software/AMMCLIB_1.1.15/MPC574xP_AMMCLIB_v1.1.15/lib/s32ds_ppc\MPC574xP_AMMCLIB.a(GMCLIB_Park_c.o)
                0x0100f47c                GMCLIB_Park_FLT
 *fill*         0x0100f4d2        0x2 
 .text.GMCLIB_SvmStd_FLT
                0x0100f4d4      0x1bc C:/NXP/S32DS_Power_v2.1/S32DS/software/AMMCLIB_1.1.15/MPC574xP_AMMCLIB_v1.1.15/lib/s32ds_ppc\MPC574xP_AMMCLIB.a(GMCLIB_SvmStd_c.o)
                0x0100f4d4                GMCLIB_SvmStd_FLT
 *(.init)
 .init          0x0100f690        0xc c:/nxp/s32ds_power_v2.1/s32ds/build_tools/powerpc-eabivle-4_9/bin/../lib/gcc/powerpc-eabivle/4.9.4/e200z4/fp/ecrti.o
                0x0100f690                __init
 .init          0x0100f69c        0x4 c:/nxp/s32ds_power_v2.1/s32ds/build_tools/powerpc-eabivle-4_9/bin/../lib/gcc/powerpc-eabivle/4.9.4/e200z4/fp/crtbegin.o
 .init          0x0100f6a0        0x4 c:/nxp/s32ds_power_v2.1/s32ds/build_tools/powerpc-eabivle-4_9/bin/../lib/gcc/powerpc-eabivle/4.9.4/e200z4/fp/crtend.o
 .init          0x0100f6a4        0xa c:/nxp/s32ds_power_v2.1/s32ds/build_tools/powerpc-eabivle-4_9/bin/../lib/gcc/powerpc-eabivle/4.9.4/e200z4/fp/ecrtn.o
 *(.fini)
 *fill*         0x0100f6ae        0x2 
 .fini          0x0100f6b0        0xc c:/nxp/s32ds_power_v2.1/s32ds/build_tools/powerpc-eabivle-4_9/bin/../lib/gcc/powerpc-eabivle/4.9.4/e200z4/fp/ecrti.o
                0x0100f6b0                __fini
 .fini          0x0100f6bc        0x4 c:/nxp/s32ds_power_v2.1/s32ds/build_tools/powerpc-eabivle-4_9/bin/../lib/gcc/powerpc-eabivle/4.9.4/e200z4/fp/crtbegin.o
 .fini          0x0100f6c0        0xa c:/nxp/s32ds_power_v2.1/s32ds/build_tools/powerpc-eabivle-4_9/bin/../lib/gcc/powerpc-eabivle/4.9.4/e200z4/fp/ecrtn.o
                0x0100f6d0                . = ALIGN (0x10)
 *fill*         0x0100f6ca        0x6 

.glink          0x0100f6d0        0x0
 .glink         0x0100f6d0        0x0 c:/nxp/s32ds_power_v2.1/s32ds/build_tools/powerpc-eabivle-4_9/bin/../lib/gcc/powerpc-eabivle/4.9.4/e200z4/fp/crtbegin.o

.ctors          0x0100f6d0        0x8
                0x0100f6d0                __CTOR_LIST__ = .
 *crtbegin.o(.ctors)
 .ctors         0x0100f6d0        0x4 c:/nxp/s32ds_power_v2.1/s32ds/build_tools/powerpc-eabivle-4_9/bin/../lib/gcc/powerpc-eabivle/4.9.4/e200z4/fp/crtbegin.o
 *crtbegin?.o(.ctors)
 *(EXCLUDE_FILE(*crtend.o *crtend?.o) .ctors)
 .ctors         0x0100f6d4        0x0 c:/nxp/s32ds_power_v2.1/s32ds/build_tools/powerpc-eabivle-4_9/bin/../lib/gcc/powerpc-eabivle/4.9.4/e200z4/fp/ecrti.o
 .ctors         0x0100f6d4        0x0 c:/nxp/s32ds_power_v2.1/s32ds/build_tools/powerpc-eabivle-4_9/bin/../lib/gcc/powerpc-eabivle/4.9.4/e200z4/fp/ecrtn.o
 *(SORT(.ctors.*))
 *(.ctors)
 .ctors         0x0100f6d4        0x4 c:/nxp/s32ds_power_v2.1/s32ds/build_tools/powerpc-eabivle-4_9/bin/../lib/gcc/powerpc-eabivle/4.9.4/e200z4/fp/crtend.o
                0x0100f6d8                __CTOR_END__ = .

.dtors          0x0100f6d8        0x8
                0x0100f6d8                __DTOR_LIST__ = .
 *crtbegin.o(.dtors)
 .dtors         0x0100f6d8        0x4 c:/nxp/s32ds_power_v2.1/s32ds/build_tools/powerpc-eabivle-4_9/bin/../lib/gcc/powerpc-eabivle/4.9.4/e200z4/fp/crtbegin.o
 *crtbegin?.o(.dtors)
 *(EXCLUDE_FILE(*crtend.o *crtend?.o) .dtors)
 .dtors         0x0100f6dc        0x0 c:/nxp/s32ds_power_v2.1/s32ds/build_tools/powerpc-eabivle-4_9/bin/../lib/gcc/powerpc-eabivle/4.9.4/e200z4/fp/ecrti.o
 .dtors         0x0100f6dc        0x0 c:/nxp/s32ds_power_v2.1/s32ds/build_tools/powerpc-eabivle-4_9/bin/../lib/gcc/powerpc-eabivle/4.9.4/e200z4/fp/ecrtn.o
 *(SORT(.dtors.*))
 *(.dtors)
 .dtors         0x0100f6dc        0x4 c:/nxp/s32ds_power_v2.1/s32ds/build_tools/powerpc-eabivle-4_9/bin/../lib/gcc/powerpc-eabivle/4.9.4/e200z4/fp/crtend.o
                0x0100f6e0                __DTOR_END__ = .

.preinit_array  0x0100f6e0        0x0
                [!provide]                PROVIDE (__preinit_array_start, .)
 *(.preinit_array*)
                [!provide]                PROVIDE (__preinit_array_end, .)

.init_array     0x0100f6e0        0x0
                [!provide]                PROVIDE (__init_array_start, .)
 *(SORT(.init_array.*))
 *(.init_array*)
                [!provide]                PROVIDE (__init_array_end, .)

.fini_array     0x0100f6e0        0x0
                [!provide]                PROVIDE (__fini_array_start, .)
 *(SORT(.fini_array.*))
 *(.fini_array*)
                [!provide]                PROVIDE (__fini_array_end, .)

.rodata         0x0100f6e0      0x25c
 *(.rodata)
 .rodata        0x0100f6e0       0x18 ./FreeMaster_MPC57xxx/src_common/freemaster_protocol.o
 .rodata        0x0100f6f8       0x18 c:/nxp/s32ds_power_v2.1/s32ds/build_tools/powerpc-eabivle-4_9/bin/../lib/gcc/powerpc-eabivle/4.9.4/e200z4/fp\libgcc.a(_thenan_df.o)
                0x0100f6f8                __thenan_df
 *(.rodata.*)
 .rodata.ADC_SelectChannel_NormalConv
                0x0100f710      0x100 ./src/ConfigADC.o
 .rodata.ADC_ChannelMask_ISR
                0x0100f810      0x100 ./src/ConfigADC.o
 .rodata.InitPWM0_Sub_OpMode
                0x0100f910       0x10 ./src/ConfigPWM.o
 .rodata.Activate_PWM0_Output
                0x0100f920       0x10 ./src/ConfigPWM.o
 .rodata.fltgflibSinCosCoef
                0x0100f930        0xc C:/NXP/S32DS_Power_v2.1/S32DS/software/AMMCLIB_1.1.15/MPC574xP_AMMCLIB_v1.1.15/lib/s32ds_ppc\MPC574xP_AMMCLIB.a(GFLIB_SinCos_c.o)
                0x0100f930                fltgflibSinCosCoef
 *(.got1)

.eh_frame_hdr
 *(.eh_frame_hdr)

.eh_frame       0x0100f93c        0x8
 *(.eh_frame)
 .eh_frame      0x0100f93c        0x0 c:/nxp/s32ds_power_v2.1/s32ds/build_tools/powerpc-eabivle-4_9/bin/../lib/gcc/powerpc-eabivle/4.9.4/e200z4/fp/ecrti.o
                0x0100f93c                __EH_FRAME_BEGIN__
 .eh_frame      0x0100f93c        0x0 c:/nxp/s32ds_power_v2.1/s32ds/build_tools/powerpc-eabivle-4_9/bin/../lib/gcc/powerpc-eabivle/4.9.4/e200z4/fp/crtbegin.o
 .eh_frame      0x0100f93c        0x0 c:/nxp/s32ds_power_v2.1/s32ds/build_tools/powerpc-eabivle-4_9/bin/../lib/gcc/powerpc-eabivle/4.9.4/e200z4/fp/crtbegin.o
 .eh_frame      0x0100f93c        0x4 c:/nxp/s32ds_power_v2.1/s32ds/build_tools/powerpc-eabivle-4_9/bin/../lib/gcc/powerpc-eabivle/4.9.4/e200z4/fp/crtend.o
 .eh_frame      0x0100f940        0x4 c:/nxp/s32ds_power_v2.1/s32ds/build_tools/powerpc-eabivle-4_9/bin/../lib/gcc/powerpc-eabivle/4.9.4/e200z4/fp/ecrtn.o
                0x0100f940                __EH_FRAME_END__

.data           0x40000000       0xf8 load address 0x0100f944
 *(.data)
 .data          0x40000000        0x4 c:/nxp/s32ds_power_v2.1/s32ds/build_tools/powerpc-eabivle-4_9/bin/../lib/gcc/powerpc-eabivle/4.9.4/e200z4/fp\libgcc.a(eabivle.o)
 *(.data.*)
 .data.pga411_regs
                0x40000004       0xd8 ./src/pga411.o
                0x40000004                pga411_regs
 *(.got.plt)
 *(.got)
 *(.got2)
 .got2          0x400000dc       0x1c c:/nxp/s32ds_power_v2.1/s32ds/build_tools/powerpc-eabivle-4_9/bin/../lib/gcc/powerpc-eabivle/4.9.4/e200z4/fp\libgcc.a(eabivle.o)
 *(.dynamic)
 *(.fixup)
                0x400000f8                . = ALIGN (0x4)

.jcr            0x400000f8        0x0 load address 0x0100fa3c
 .jcr           0x400000f8        0x0 c:/nxp/s32ds_power_v2.1/s32ds/build_tools/powerpc-eabivle-4_9/bin/../lib/gcc/powerpc-eabivle/4.9.4/e200z4/fp/crtbegin.o

.tm_clone_table
                0x400000f8        0x0 load address 0x0100fa3c
 .tm_clone_table
                0x400000f8        0x0 c:/nxp/s32ds_power_v2.1/s32ds/build_tools/powerpc-eabivle-4_9/bin/../lib/gcc/powerpc-eabivle/4.9.4/e200z4/fp/crtbegin.o
 .tm_clone_table
                0x400000f8        0x0 c:/nxp/s32ds_power_v2.1/s32ds/build_tools/powerpc-eabivle-4_9/bin/../lib/gcc/powerpc-eabivle/4.9.4/e200z4/fp/crtend.o

.sdata2         0x400000f8        0x0 load address 0x0100fa3c
 *(.sdata2)
 .sdata2        0x400000f8        0x0 c:/nxp/s32ds_power_v2.1/s32ds/build_tools/powerpc-eabivle-4_9/bin/../lib/gcc/powerpc-eabivle/4.9.4/e200z4/fp/ecrti.o
 .sdata2        0x400000f8        0x0 c:/nxp/s32ds_power_v2.1/s32ds/build_tools/powerpc-eabivle-4_9/bin/../lib/gcc/powerpc-eabivle/4.9.4/e200z4/fp/crtbegin.o
 *(.sdata2.*)

.sbss2          0x400000f8        0x0 load address 0x0100fa3c
 *(.sbss2)
 .sbss2         0x400000f8        0x0 c:/nxp/s32ds_power_v2.1/s32ds/build_tools/powerpc-eabivle-4_9/bin/../lib/gcc/powerpc-eabivle/4.9.4/e200z4/fp/ecrtn.o
 *(.sbss2.*)

.rela.dyn       0x400000f8        0x0 load address 0x0100fa3c
 .rela.iplt     0x400000f8        0x0 c:/nxp/s32ds_power_v2.1/s32ds/build_tools/powerpc-eabivle-4_9/bin/../lib/gcc/powerpc-eabivle/4.9.4/e200z4/fp/crtbegin.o
 .rela.text     0x400000f8        0x0 c:/nxp/s32ds_power_v2.1/s32ds/build_tools/powerpc-eabivle-4_9/bin/../lib/gcc/powerpc-eabivle/4.9.4/e200z4/fp/crtbegin.o
 .rela.text.FMSTR_InitRec
                0x400000f8        0x0 c:/nxp/s32ds_power_v2.1/s32ds/build_tools/powerpc-eabivle-4_9/bin/../lib/gcc/powerpc-eabivle/4.9.4/e200z4/fp/crtbegin.o
 .rela.text.FMSTR_AbortRec
                0x400000f8        0x0 c:/nxp/s32ds_power_v2.1/s32ds/build_tools/powerpc-eabivle-4_9/bin/../lib/gcc/powerpc-eabivle/4.9.4/e200z4/fp/crtbegin.o
 .rela.text.FMSTR_SetUpRec
                0x400000f8        0x0 c:/nxp/s32ds_power_v2.1/s32ds/build_tools/powerpc-eabivle-4_9/bin/../lib/gcc/powerpc-eabivle/4.9.4/e200z4/fp/crtbegin.o
 .rela.text.FMSTR_TriggerRec
                0x400000f8        0x0 c:/nxp/s32ds_power_v2.1/s32ds/build_tools/powerpc-eabivle-4_9/bin/../lib/gcc/powerpc-eabivle/4.9.4/e200z4/fp/crtbegin.o
 .rela.text.FMSTR_StartRec
                0x400000f8        0x0 c:/nxp/s32ds_power_v2.1/s32ds/build_tools/powerpc-eabivle-4_9/bin/../lib/gcc/powerpc-eabivle/4.9.4/e200z4/fp/crtbegin.o
 .rela.text.FMSTR_StopRec
                0x400000f8        0x0 c:/nxp/s32ds_power_v2.1/s32ds/build_tools/powerpc-eabivle-4_9/bin/../lib/gcc/powerpc-eabivle/4.9.4/e200z4/fp/crtbegin.o
 .rela.text.FMSTR_GetRecStatus
                0x400000f8        0x0 c:/nxp/s32ds_power_v2.1/s32ds/build_tools/powerpc-eabivle-4_9/bin/../lib/gcc/powerpc-eabivle/4.9.4/e200z4/fp/crtbegin.o
 .rela.text.FMSTR_GetRecBuff
                0x400000f8        0x0 c:/nxp/s32ds_power_v2.1/s32ds/build_tools/powerpc-eabivle-4_9/bin/../lib/gcc/powerpc-eabivle/4.9.4/e200z4/fp/crtbegin.o
 .rela.text.FMSTR_Recorder
                0x400000f8        0x0 c:/nxp/s32ds_power_v2.1/s32ds/build_tools/powerpc-eabivle-4_9/bin/../lib/gcc/powerpc-eabivle/4.9.4/e200z4/fp/crtbegin.o
 .rela.text.FMSTR_Recorder2
                0x400000f8        0x0 c:/nxp/s32ds_power_v2.1/s32ds/build_tools/powerpc-eabivle-4_9/bin/../lib/gcc/powerpc-eabivle/4.9.4/e200z4/fp/crtbegin.o
 .rela.text.init_Cmd_Moteur_Variables
                0x400000f8        0x0 c:/nxp/s32ds_power_v2.1/s32ds/build_tools/powerpc-eabivle-4_9/bin/../lib/gcc/powerpc-eabivle/4.9.4/e200z4/fp/crtbegin.o
 .rela.text.raz_Cmd_Moteur_Variables
                0x400000f8        0x0 c:/nxp/s32ds_power_v2.1/s32ds/build_tools/powerpc-eabivle-4_9/bin/../lib/gcc/powerpc-eabivle/4.9.4/e200z4/fp/crtbegin.o
 .rela.text.raz_Entree_Cmd
                0x400000f8        0x0 c:/nxp/s32ds_power_v2.1/s32ds/build_tools/powerpc-eabivle-4_9/bin/../lib/gcc/powerpc-eabivle/4.9.4/e200z4/fp/crtbegin.o
 .rela.text.Exec_Fast_Loop
                0x400000f8        0x0 c:/nxp/s32ds_power_v2.1/s32ds/build_tools/powerpc-eabivle-4_9/bin/../lib/gcc/powerpc-eabivle/4.9.4/e200z4/fp/crtbegin.o
 .rela.text.Exec_Slow_Loop
                0x400000f8        0x0 c:/nxp/s32ds_power_v2.1/s32ds/build_tools/powerpc-eabivle-4_9/bin/../lib/gcc/powerpc-eabivle/4.9.4/e200z4/fp/crtbegin.o
 .rela.text.Estimate_Rotor_Angle
                0x400000f8        0x0 c:/nxp/s32ds_power_v2.1/s32ds/build_tools/powerpc-eabivle-4_9/bin/../lib/gcc/powerpc-eabivle/4.9.4/e200z4/fp/crtbegin.o
 .rela.text.Convert_CmdDuty_F16_INT16
                0x400000f8        0x0 c:/nxp/s32ds_power_v2.1/s32ds/build_tools/powerpc-eabivle-4_9/bin/../lib/gcc/powerpc-eabivle/4.9.4/e200z4/fp/crtbegin.o
 .rela.text.ADC0_EOC_FAST_LOOP_isr
                0x400000f8        0x0 c:/nxp/s32ds_power_v2.1/s32ds/build_tools/powerpc-eabivle-4_9/bin/../lib/gcc/powerpc-eabivle/4.9.4/e200z4/fp/crtbegin.o
 .rela.text.Current_sensor_Config_Init
                0x400000f8        0x0 c:/nxp/s32ds_power_v2.1/s32ds/build_tools/powerpc-eabivle-4_9/bin/../lib/gcc/powerpc-eabivle/4.9.4/e200z4/fp/crtbegin.o
 .rela.text.Get_Iphase_MotorGD_FLT
                0x400000f8        0x0 c:/nxp/s32ds_power_v2.1/s32ds/build_tools/powerpc-eabivle-4_9/bin/../lib/gcc/powerpc-eabivle/4.9.4/e200z4/fp/crtbegin.o
 .rela.text.Deduce_Iphase_C_FLT
                0x400000f8        0x0 c:/nxp/s32ds_power_v2.1/s32ds/build_tools/powerpc-eabivle-4_9/bin/../lib/gcc/powerpc-eabivle/4.9.4/e200z4/fp/crtbegin.o
 .rela.text.Perform_Current_Meas_Calibration
                0x400000f8        0x0 c:/nxp/s32ds_power_v2.1/s32ds/build_tools/powerpc-eabivle-4_9/bin/../lib/gcc/powerpc-eabivle/4.9.4/e200z4/fp/crtbegin.o
 .rela.text.InitINTC
                0x400000f8        0x0 c:/nxp/s32ds_power_v2.1/s32ds/build_tools/powerpc-eabivle-4_9/bin/../lib/gcc/powerpc-eabivle/4.9.4/e200z4/fp/crtbegin.o
 .rela.text.xcptn_xmpl
                0x400000f8        0x0 c:/nxp/s32ds_power_v2.1/s32ds/build_tools/powerpc-eabivle-4_9/bin/../lib/gcc/powerpc-eabivle/4.9.4/e200z4/fp/crtbegin.o
 .rela.text.gd3000_Config_Init
                0x400000f8        0x0 c:/nxp/s32ds_power_v2.1/s32ds/build_tools/powerpc-eabivle-4_9/bin/../lib/gcc/powerpc-eabivle/4.9.4/e200z4/fp/crtbegin.o
 .rela.text.gd3000_Read_Status
                0x400000f8        0x0 c:/nxp/s32ds_power_v2.1/s32ds/build_tools/powerpc-eabivle-4_9/bin/../lib/gcc/powerpc-eabivle/4.9.4/e200z4/fp/crtbegin.o
 .rela.intc_vector_table
                0x400000f8        0x0 c:/nxp/s32ds_power_v2.1/s32ds/build_tools/powerpc-eabivle-4_9/bin/../lib/gcc/powerpc-eabivle/4.9.4/e200z4/fp/crtbegin.o
 .rela.text.main
                0x400000f8        0x0 c:/nxp/s32ds_power_v2.1/s32ds/build_tools/powerpc-eabivle-4_9/bin/../lib/gcc/powerpc-eabivle/4.9.4/e200z4/fp/crtbegin.o
 .rela.text.ERQ_SW1_isr
                0x400000f8        0x0 c:/nxp/s32ds_power_v2.1/s32ds/build_tools/powerpc-eabivle-4_9/bin/../lib/gcc/powerpc-eabivle/4.9.4/e200z4/fp/crtbegin.o
 .rela.text.init_modele_moteur_virtuel
                0x400000f8        0x0 c:/nxp/s32ds_power_v2.1/s32ds/build_tools/powerpc-eabivle-4_9/bin/../lib/gcc/powerpc-eabivle/4.9.4/e200z4/fp/crtbegin.o
 .rela.text.raz_variables_moteur_virtuel
                0x400000f8        0x0 c:/nxp/s32ds_power_v2.1/s32ds/build_tools/powerpc-eabivle-4_9/bin/../lib/gcc/powerpc-eabivle/4.9.4/e200z4/fp/crtbegin.o
 .rela.text.Get_Phase_Current_Virtuel
                0x400000f8        0x0 c:/nxp/s32ds_power_v2.1/s32ds/build_tools/powerpc-eabivle-4_9/bin/../lib/gcc/powerpc-eabivle/4.9.4/e200z4/fp/crtbegin.o
 .rela.text.Get_Angle_Rotor_Virtuel
                0x400000f8        0x0 c:/nxp/s32ds_power_v2.1/s32ds/build_tools/powerpc-eabivle-4_9/bin/../lib/gcc/powerpc-eabivle/4.9.4/e200z4/fp/crtbegin.o
 .rela.text.pga411_Config_Init
                0x400000f8        0x0 c:/nxp/s32ds_power_v2.1/s32ds/build_tools/powerpc-eabivle-4_9/bin/../lib/gcc/powerpc-eabivle/4.9.4/e200z4/fp/crtbegin.o
 .rela.text.pga411_read_status_registers
                0x400000f8        0x0 c:/nxp/s32ds_power_v2.1/s32ds/build_tools/powerpc-eabivle-4_9/bin/../lib/gcc/powerpc-eabivle/4.9.4/e200z4/fp/crtbegin.o
 .rela.text.Convert_SPEED_DEG_US_TO_RPM_F32
                0x400000f8        0x0 c:/nxp/s32ds_power_v2.1/s32ds/build_tools/powerpc-eabivle-4_9/bin/../lib/gcc/powerpc-eabivle/4.9.4/e200z4/fp/crtbegin.o
 .rela.text.Convert_SPEED_DEG_US_TO_RPM_FLT
                0x400000f8        0x0 c:/nxp/s32ds_power_v2.1/s32ds/build_tools/powerpc-eabivle-4_9/bin/../lib/gcc/powerpc-eabivle/4.9.4/e200z4/fp/crtbegin.o
 .rela.got2     0x400000f8        0x0 c:/nxp/s32ds_power_v2.1/s32ds/build_tools/powerpc-eabivle-4_9/bin/../lib/gcc/powerpc-eabivle/4.9.4/e200z4/fp/crtbegin.o

.sdata          0x400000f8        0x4 load address 0x0100fa3c
 *(.sdata)
 .sdata         0x400000f8        0x0 c:/nxp/s32ds_power_v2.1/s32ds/build_tools/powerpc-eabivle-4_9/bin/../lib/gcc/powerpc-eabivle/4.9.4/e200z4/fp/ecrti.o
                0x400000f8                __SDATA_START__
 .sdata         0x400000f8        0x0 c:/nxp/s32ds_power_v2.1/s32ds/build_tools/powerpc-eabivle-4_9/bin/../lib/gcc/powerpc-eabivle/4.9.4/e200z4/fp/crtbegin.o
                0x400080f8                _SDA_BASE_
 *(.sdata.*)
 .sdata.MyVitesse_for_Consigne
                0x400000f8        0x4 ./src/main.o
                0x400000f8                MyVitesse_for_Consigne

.bss            0x400000fc      0x5bc load address 0x0100fa40
                0x400000fc                __BSS_START = .
 *(.sbss)
 .sbss          0x400000fc        0x0 c:/nxp/s32ds_power_v2.1/s32ds/build_tools/powerpc-eabivle-4_9/bin/../lib/gcc/powerpc-eabivle/4.9.4/e200z4/fp/crtbegin.o
 .sbss          0x400000fc       0x28 ./FreeMaster_MPC57xxx/src_common/freemaster_rec.o
                0x400000fc                pcm_wRecBuffStartIx
                0x40000100                pcm_dwRecEndBuffPtr
                0x40000104                pcm_pRecVarSize
                0x4000010c                pcm_wRecTotalSmps
                0x4000010e                pcm_nRecVarCount
                0x40000110                pcm_wRecTimeDivCtr
                0x40000112                pcm_wStoprecCountDown
                0x40000114                pcm_nRecTriggerMode
                0x40000118                pcm_wRecFlags
                0x4000011c                pcm_wRecTimeDiv
                0x4000011e                pcm_wRecPostTrigger
                0x40000120                pcm_dwRecWritePtr
 .sbss          0x40000124       0x65 ./src/Cmd_moteur.o
                0x40000124                Commande_Vitesse
                0x40000128                const_calcul_RPM_Radian
                0x4000012c                cte_calcul_RPM_from_deg_us
                0x40000130                cptr_slow_loop
                0x40000134                Cmd_DutyA
                0x40000138                velocity_rotor_elec
                0x4000013c                velocity_rotor_meca
                0x40000140                Delay_Trig_ADC_us
                0x40000144                angle_rotor_meca_precedent
                0x40000148                angle_rotor_elec
                0x4000014c                Udq_Commande
                0x40000154                Cmd_DutyC
                0x40000158                increment_angle_rotor
                0x4000015c                Angle_Rotor_Estime
                0x40000160                Mode_Sequence_Moteur
                0x40000164                nb_exec_loop_max_speed
                0x40000168                Mode_Lecture_Courant_Angle
                0x4000016c                cte_calcul_RPM_from_rad_us
                0x40000170                Cmd_DutyB
                0x40000174                angle_rotor_meca
                0x40000178                nb_exec_FL_max_Exec_SL
                0x4000017c                SVM_Activate
                0x40000180                tps_integration_vitesse
                0x40000184                D_Vitesse
                0x40000188                cptr_speed
 .sbss          0x40000189        0x5 ./src/Current_Sensor.o
                0x40000189                Cptr_Mes_Cal
                0x4000018a                ADC_SensorA_Status
                0x4000018b                Cal_Current_Done
                0x4000018c                Current_Sensor_Status
                0x4000018d                ADC_SensorB_Status
 *fill*         0x4000018e        0x2 
 .sbss          0x40000190       0x14 ./src/gd3000.o
                0x40000190                DutyDefaultGD3000
                0x40000192                Align_PWM
                0x40000194                DeadTime_PWM
                0x40000198                GD_OCOUT_pad
                0x4000019c                PWMPeriod
                0x400001a0                GD_INT_pad
 .sbss          0x400001a4        0x9 ./src/main.o
                0x400001a4                Config_PGA411_OK
                0x400001a5                Resolution_PGA411
                0x400001a6                Mode
                0x400001a7                ConfigGD3000_OK
                0x400001a8                Consigne_Vitesse
                0x400001ac                Current_sensor_OK
 *fill*         0x400001ad        0x3 
 .sbss          0x400001b0       0x28 ./src/modele_moteur_virtuel.o
                0x400001b0                terme1_calc_vitesse
                0x400001b4                Wn_1
                0x400001b8                terme2_calc_vitesse
                0x400001bc                Cn_1
                0x400001c0                Ts_div_tau_elec
                0x400001c4                Ts_div_tau_moteur
                0x400001c8                tau_moteur
                0x400001cc                terme1_calc_courant
                0x400001d0                terme2_calc_courant
                0x400001d4                tau_elec
 .sbss          0x400001d8        0x8 ./src/pga411.o
                0x400001d8                cte_calcul_RPM_from_deg_us_FLT
                0x400001dc                cte_calcul_RPM_from_deg_us_F32
 .sbss          0x400001e0        0x0 c:/nxp/s32ds_power_v2.1/s32ds/build_tools/powerpc-eabivle-4_9/bin/../lib/gcc/powerpc-eabivle/4.9.4/e200z4/fp/ecrtn.o
                0x400001e0                __SBSS_END__
 *(.sbss.*)
 .sbss.appui_SW1
                0x400001e0        0x1 ./src/main.o
                0x400001e0                appui_SW1
 *(.bss)
 *fill*         0x400001e1        0x3 
 .bss           0x400001e4       0x20 c:/nxp/s32ds_power_v2.1/s32ds/build_tools/powerpc-eabivle-4_9/bin/../lib/gcc/powerpc-eabivle/4.9.4/e200z4/fp/crtbegin.o
 *(.bss.*)
 .bss.pcm_nAppCmd
                0x40000204        0x1 ./FreeMaster_MPC57xxx/src_common/freemaster_appcmd.o
 *fill*         0x40000205        0x3 
 .bss.pcm_pAppCmdBuff
                0x40000208       0x20 ./FreeMaster_MPC57xxx/src_common/freemaster_appcmd.o
 .bss.pcm_nAppCmdLen
                0x40000228        0x2 ./FreeMaster_MPC57xxx/src_common/freemaster_appcmd.o
 .bss.pcm_nAppCmdResult
                0x4000022a        0x1 ./FreeMaster_MPC57xxx/src_common/freemaster_appcmd.o
 .bss.pcm_nAppCmdResultDataLen
                0x4000022b        0x1 ./FreeMaster_MPC57xxx/src_common/freemaster_appcmd.o
 .bss.pcm_pAppCmdCallId
                0x4000022c        0x4 ./FreeMaster_MPC57xxx/src_common/freemaster_appcmd.o
 .bss.pcm_pAppCmdCallFunc
                0x40000230       0x10 ./FreeMaster_MPC57xxx/src_common/freemaster_appcmd.o
 .bss.pcm_pipes
                0x40000240      0x120 ./FreeMaster_MPC57xxx/src_common/freemaster_pipes.o
 .bss.pcm_nTrgVarAddr
                0x40000360        0x4 ./FreeMaster_MPC57xxx/src_common/freemaster_rec.o
 .bss.pcm_nTrgVarSize
                0x40000364        0x1 ./FreeMaster_MPC57xxx/src_common/freemaster_rec.o
 .bss.pcm_bTrgVarSigned
                0x40000365        0x1 ./FreeMaster_MPC57xxx/src_common/freemaster_rec.o
 *fill*         0x40000366        0x2 
 .bss.pcm_uTrgThreshold
                0x40000368        0x4 ./FreeMaster_MPC57xxx/src_common/freemaster_rec.o
 .bss.pcm_nRecBuffAddr
                0x4000036c        0x4 ./FreeMaster_MPC57xxx/src_common/freemaster_rec.o
 .bss.pcm_pCompareFunc
                0x40000370        0x4 ./FreeMaster_MPC57xxx/src_common/freemaster_rec.o
 .bss.pcm_pOwnRecBuffer
                0x40000374      0x200 ./FreeMaster_MPC57xxx/src_common/freemaster_rec.o
 .bss.pcm_nScopeVarCount
                0x40000574        0x1 ./FreeMaster_MPC57xxx/src_common/freemaster_scope.o
 *fill*         0x40000575        0x3 
 .bss.pcm_pScopeVarAddr
                0x40000578       0x20 ./FreeMaster_MPC57xxx/src_common/freemaster_scope.o
 .bss.pcm_pScopeVarSize
                0x40000598        0x8 ./FreeMaster_MPC57xxx/src_common/freemaster_scope.o
 .bss.pcm_pCommBuffer
                0x400005a0       0x3f ./FreeMaster_MPC57xxx/src_common/freemaster_serial.o
 *fill*         0x400005df        0x1 
 .bss.pcm_wFlags
                0x400005e0        0x4 ./FreeMaster_MPC57xxx/src_common/freemaster_serial.o
 .bss.pcm_nTxTodo
                0x400005e4        0x1 ./FreeMaster_MPC57xxx/src_common/freemaster_serial.o
 .bss.pcm_nRxTodo
                0x400005e5        0x1 ./FreeMaster_MPC57xxx/src_common/freemaster_serial.o
 *fill*         0x400005e6        0x2 
 .bss.pcm_pTxBuff
                0x400005e8        0x4 ./FreeMaster_MPC57xxx/src_common/freemaster_serial.o
 .bss.pcm_pRxBuff
                0x400005ec        0x4 ./FreeMaster_MPC57xxx/src_common/freemaster_serial.o
 .bss.pcm_nRxCheckSum
                0x400005f0        0x1 ./FreeMaster_MPC57xxx/src_common/freemaster_serial.o
 *fill*         0x400005f1        0x3 
 .bss.pcm_pRQueueBuffer
                0x400005f4       0x20 ./FreeMaster_MPC57xxx/src_common/freemaster_serial.o
 .bss.pcm_pRQueueRP
                0x40000614        0x4 ./FreeMaster_MPC57xxx/src_common/freemaster_serial.o
 .bss.pcm_pRQueueWP
                0x40000618        0x4 ./FreeMaster_MPC57xxx/src_common/freemaster_serial.o
 .bss.fltTemp1.2878
                0x4000061c        0x4 C:/NXP/S32DS_Power_v2.1/S32DS/software/AMMCLIB_1.1.15/MPC574xP_AMMCLIB_v1.1.15/lib/s32ds_ppc\MPC574xP_AMMCLIB.a(GMCLIB_SvmStd_c.o)
 *(COMMON)
 COMMON         0x40000620       0x20 ./FreeMaster_MPC57xxx/src_common/freemaster_rec.o
                0x40000620                pcm_pRecVarAddr
 COMMON         0x40000640        0xc ./src/Cmd_moteur.o
                0x40000640                Uabc_Commande
 COMMON         0x4000064c       0x24 ./src/Current_Sensor.o
                0x4000064c                Iphase
                0x40000658                Offset_Mes_Iph_mV
                0x40000664                Offset_Mes_Iph_uV
 COMMON         0x40000670       0x14 ./src/gd3000.o
                0x40000670                GD3000_Status
 COMMON         0x40000684       0x24 ./src/modele_moteur_virtuel.o
                0x40000684                Iphase_A_k
                0x40000690                Uabc_n_1
                0x4000069c                Iphase_A_k_1
 COMMON         0x400006a8       0x10 ./src/pga411.o
                0x400006a8                PGA411_Status
                0x400006b8                __BSS_END = .

.iplt           0x400006c0        0x0 load address 0x0100fa40
 .iplt          0x400006c0        0x0 c:/nxp/s32ds_power_v2.1/s32ds/build_tools/powerpc-eabivle-4_9/bin/../lib/gcc/powerpc-eabivle/4.9.4/e200z4/fp/crtbegin.o

.stack          0x50800000     0x1004
                0x50800000                __HEAP = .
                [!provide]                PROVIDE (_end, .)
                [!provide]                PROVIDE (end, .)
                0x50800000                . = (. + __HEAP_SIZE)
                0x50800000                __HEAP_END = .
                0x50800000                _stack_end = .
                0x50801000                . = (. + __STACK_SIZE)
 *fill*         0x50800000     0x1000 
                0x50801000                _stack_addr = .
                0x50801000                __SP_INIT = .
                0x50801004                . = (. + 0x4)
 *fill*         0x50801000        0x4 
                0x40000000                __DATA_SRAM_ADDR = ADDR (.data)
                0x400000f8                __SDATA_SRAM_ADDR = ADDR (.sdata)
                0x000000f8                __DATA_SIZE = SIZEOF (.data)
                0x00000004                __SDATA_SIZE = SIZEOF (.sdata)
                0x0100f944                __DATA_ROM_ADDR = LOADADDR (.data)
                0x0100fa3c                __SDATA_ROM_ADDR = LOADADDR (.sdata)
                0x00060000                __SRAM_SIZE = SRAM_SIZE
                0x40000000                __SRAM_BASE_ADDR = SRAM_BASE_ADDR
                0x00010000                __LOCAL_DMEM_SIZE = LOCALDMEM_SIZE
                0x50800000                __LOCAL_DMEM_BASE_ADDR = LOCALDMEM_BASE_ADDR
                0x000005bc                __BSS_SIZE = (__BSS_END - __BSS_START)
OUTPUT(PMSM_TGN002_cde_Uf_etudiant.elf elf32-powerpc)

.comment        0x00000000      0x12a
 .comment       0x00000000        0xd c:/nxp/s32ds_power_v2.1/s32ds/build_tools/powerpc-eabivle-4_9/bin/../lib/gcc/powerpc-eabivle/4.9.4/e200z4/fp/ecrti.o
                                  0xe (size before relaxing)
 .comment       0x0000000d       0x82 c:/nxp/s32ds_power_v2.1/s32ds/build_tools/powerpc-eabivle-4_9/bin/../lib/gcc/powerpc-eabivle/4.9.4/e200z4/fp/crtbegin.o
                                 0x83 (size before relaxing)
 .comment       0x0000008f       0x83 ./FreeMaster_MPC57xxx/src_common/freemaster_appcmd.o
 .comment       0x0000008f       0x83 ./FreeMaster_MPC57xxx/src_common/freemaster_lin.o
 .comment       0x0000008f       0x83 ./FreeMaster_MPC57xxx/src_common/freemaster_pipes.o
 .comment       0x0000008f       0x83 ./FreeMaster_MPC57xxx/src_common/freemaster_protocol.o
 .comment       0x0000008f       0x83 ./FreeMaster_MPC57xxx/src_common/freemaster_rec.o
 .comment       0x0000008f       0x83 ./FreeMaster_MPC57xxx/src_common/freemaster_scope.o
 .comment       0x0000008f       0x83 ./FreeMaster_MPC57xxx/src_common/freemaster_serial.o
 .comment       0x0000008f       0x83 ./FreeMaster_MPC57xxx/src_common/freemaster_tsa.o
 .comment       0x0000008f       0x83 ./FreeMaster_MPC57xxx/src_platforms/MPC57xx/freemaster_MPC57xx.o
 .comment       0x0000008f       0x83 ./src/ClockConfig.o
 .comment       0x0000008f       0x83 ./src/Cmd_moteur.o
 .comment       0x0000008f       0x83 ./src/ConfigADC.o
 .comment       0x0000008f       0x83 ./src/ConfigCTU.o
 .comment       0x0000008f       0x83 ./src/ConfigGPIO.o
 .comment       0x0000008f       0x83 ./src/ConfigPIT.o
 .comment       0x0000008f       0x83 ./src/ConfigPWM.o
 .comment       0x0000008f       0x83 ./src/Config_eDMA.o
 .comment       0x0000008f       0x83 ./src/Current_Sensor.o
 .comment       0x0000008f       0x83 ./src/DSPIConfig.o
 .comment       0x0000008f       0x83 ./src/MPC57xx__Interrupt_Init.o
 .comment       0x0000008f       0x83 ./src/ModeEntryAndConfig.o
 .comment       0x0000008f       0x83 ./src/UARTConfig.o
 .comment       0x0000008f       0x83 ./src/User_Interface.o
 .comment       0x0000008f       0x83 ./src/Vector.o
 .comment       0x0000008f       0x83 ./src/eTimer.o
 .comment       0x0000008f       0x83 ./src/flashrchw.o
 .comment       0x0000008f       0x83 ./src/gd3000.o
 .comment       0x0000008f       0x83 ./src/intc_SW_mode_isr_vectors_MPC5744P.o
 .comment       0x0000008f       0x83 ./src/main.o
 .comment       0x0000008f       0x83 ./src/modele_moteur_virtuel.o
 .comment       0x0000008f       0x83 ./src/pga411.o
 .comment       0x0000008f       0x8e C:/NXP/S32DS_Power_v2.1/S32DS/software/AMMCLIB_1.1.15/MPC574xP_AMMCLIB_v1.1.15/lib/s32ds_ppc\MPC574xP_AMMCLIB.a(GFLIB_Sign_c.o)
                                 0x8f (size before relaxing)
 .comment       0x0000011d       0x8f C:/NXP/S32DS_Power_v2.1/S32DS/software/AMMCLIB_1.1.15/MPC574xP_AMMCLIB_v1.1.15/lib/s32ds_ppc\MPC574xP_AMMCLIB.a(GFLIB_SinCos_c.o)
 .comment       0x0000011d       0x8f C:/NXP/S32DS_Power_v2.1/S32DS/software/AMMCLIB_1.1.15/MPC574xP_AMMCLIB_v1.1.15/lib/s32ds_ppc\MPC574xP_AMMCLIB.a(GMCLIB_ClarkInv_c.o)
 .comment       0x0000011d       0x8f C:/NXP/S32DS_Power_v2.1/S32DS/software/AMMCLIB_1.1.15/MPC574xP_AMMCLIB_v1.1.15/lib/s32ds_ppc\MPC574xP_AMMCLIB.a(GMCLIB_Clark_c.o)
 .comment       0x0000011d       0x8f C:/NXP/S32DS_Power_v2.1/S32DS/software/AMMCLIB_1.1.15/MPC574xP_AMMCLIB_v1.1.15/lib/s32ds_ppc\MPC574xP_AMMCLIB.a(GMCLIB_ParkInv_c.o)
 .comment       0x0000011d       0x8f C:/NXP/S32DS_Power_v2.1/S32DS/software/AMMCLIB_1.1.15/MPC574xP_AMMCLIB_v1.1.15/lib/s32ds_ppc\MPC574xP_AMMCLIB.a(GMCLIB_Park_c.o)
 .comment       0x0000011d       0x8f C:/NXP/S32DS_Power_v2.1/S32DS/software/AMMCLIB_1.1.15/MPC574xP_AMMCLIB_v1.1.15/lib/s32ds_ppc\MPC574xP_AMMCLIB.a(GMCLIB_SvmStd_c.o)
 .comment       0x0000011d       0x83 c:/nxp/s32ds_power_v2.1/s32ds/build_tools/powerpc-eabivle-4_9/bin/../lib/gcc/powerpc-eabivle/4.9.4/e200z4/fp/crtend.o
 .comment       0x0000011d        0xd c:/nxp/s32ds_power_v2.1/s32ds/build_tools/powerpc-eabivle-4_9/bin/../lib/gcc/powerpc-eabivle/4.9.4/e200z4/fp/ecrtn.o
                                  0xe (size before relaxing)

.PPC.EMB.apuinfo
                0x00000000       0x20
 .PPC.EMB.apuinfo
                0x00000000       0x18 c:/nxp/s32ds_power_v2.1/s32ds/build_tools/powerpc-eabivle-4_9/bin/../lib/gcc/powerpc-eabivle/4.9.4/e200z4/fp/ecrti.o
 .PPC.EMB.apuinfo
                0x00000018       0x18 c:/nxp/s32ds_power_v2.1/s32ds/build_tools/powerpc-eabivle-4_9/bin/../lib/gcc/powerpc-eabivle/4.9.4/e200z4/fp/crtbegin.o
 .PPC.EMB.apuinfo
                0x00000030       0x18 ./FreeMaster_MPC57xxx/src_common/freemaster_appcmd.o
 .PPC.EMB.apuinfo
                0x00000048       0x18 ./FreeMaster_MPC57xxx/src_common/freemaster_lin.o
 .PPC.EMB.apuinfo
                0x00000060       0x18 ./FreeMaster_MPC57xxx/src_common/freemaster_pipes.o
 .PPC.EMB.apuinfo
                0x00000078       0x18 ./FreeMaster_MPC57xxx/src_common/freemaster_protocol.o
 .PPC.EMB.apuinfo
                0x00000090       0x18 ./FreeMaster_MPC57xxx/src_common/freemaster_rec.o
 .PPC.EMB.apuinfo
                0x000000a8       0x18 ./FreeMaster_MPC57xxx/src_common/freemaster_scope.o
 .PPC.EMB.apuinfo
                0x000000c0       0x18 ./FreeMaster_MPC57xxx/src_common/freemaster_serial.o
 .PPC.EMB.apuinfo
                0x000000d8       0x18 ./FreeMaster_MPC57xxx/src_common/freemaster_tsa.o
 .PPC.EMB.apuinfo
                0x000000f0       0x18 ./FreeMaster_MPC57xxx/src_platforms/MPC57xx/freemaster_MPC57xx.o
 .PPC.EMB.apuinfo
                0x00000108       0x18 ./Project_Settings/Startup_Code/startup.o
 .PPC.EMB.apuinfo
                0x00000120       0x18 ./src/ClockConfig.o
 .PPC.EMB.apuinfo
                0x00000138       0x1c ./src/Cmd_moteur.o
 .PPC.EMB.apuinfo
                0x00000154       0x18 ./src/ConfigADC.o
 .PPC.EMB.apuinfo
                0x0000016c       0x18 ./src/ConfigCTU.o
 .PPC.EMB.apuinfo
                0x00000184       0x18 ./src/ConfigGPIO.o
 .PPC.EMB.apuinfo
                0x0000019c       0x18 ./src/ConfigPIT.o
 .PPC.EMB.apuinfo
                0x000001b4       0x18 ./src/ConfigPWM.o
 .PPC.EMB.apuinfo
                0x000001cc       0x18 ./src/Config_eDMA.o
 .PPC.EMB.apuinfo
                0x000001e4       0x1c ./src/Current_Sensor.o
 .PPC.EMB.apuinfo
                0x00000200       0x18 ./src/DSPIConfig.o
 .PPC.EMB.apuinfo
                0x00000218       0x18 ./src/MPC57xx__Interrupt_Init.o
 .PPC.EMB.apuinfo
                0x00000230       0x18 ./src/ModeEntryAndConfig.o
 .PPC.EMB.apuinfo
                0x00000248       0x18 ./src/UARTConfig.o
 .PPC.EMB.apuinfo
                0x00000260       0x18 ./src/User_Interface.o
 .PPC.EMB.apuinfo
                0x00000278       0x18 ./src/Vector.o
 .PPC.EMB.apuinfo
                0x00000290       0x18 ./src/eTimer.o
 .PPC.EMB.apuinfo
                0x000002a8       0x18 ./src/gd3000.o
 .PPC.EMB.apuinfo
                0x000002c0       0x18 ./src/intc_SW_mode_isr_vectors_MPC5744P.o
 .PPC.EMB.apuinfo
                0x000002d8       0x18 ./src/intc_sw_handlers.o
 .PPC.EMB.apuinfo
                0x000002f0       0x18 ./src/main.o
 .PPC.EMB.apuinfo
                0x00000308       0x1c ./src/modele_moteur_virtuel.o
 .PPC.EMB.apuinfo
                0x00000324       0x1c ./src/pga411.o
 .PPC.EMB.apuinfo
                0x00000340       0x1c C:/NXP/S32DS_Power_v2.1/S32DS/software/AMMCLIB_1.1.15/MPC574xP_AMMCLIB_v1.1.15/lib/s32ds_ppc\MPC574xP_AMMCLIB.a(GFLIB_Sign_c.o)
 .PPC.EMB.apuinfo
                0x0000035c       0x1c C:/NXP/S32DS_Power_v2.1/S32DS/software/AMMCLIB_1.1.15/MPC574xP_AMMCLIB_v1.1.15/lib/s32ds_ppc\MPC574xP_AMMCLIB.a(GFLIB_SinCos_c.o)
 .PPC.EMB.apuinfo
                0x00000378       0x1c C:/NXP/S32DS_Power_v2.1/S32DS/software/AMMCLIB_1.1.15/MPC574xP_AMMCLIB_v1.1.15/lib/s32ds_ppc\MPC574xP_AMMCLIB.a(GMCLIB_ClarkInv_c.o)
 .PPC.EMB.apuinfo
                0x00000394       0x1c C:/NXP/S32DS_Power_v2.1/S32DS/software/AMMCLIB_1.1.15/MPC574xP_AMMCLIB_v1.1.15/lib/s32ds_ppc\MPC574xP_AMMCLIB.a(GMCLIB_Clark_c.o)
 .PPC.EMB.apuinfo
                0x000003b0       0x1c C:/NXP/S32DS_Power_v2.1/S32DS/software/AMMCLIB_1.1.15/MPC574xP_AMMCLIB_v1.1.15/lib/s32ds_ppc\MPC574xP_AMMCLIB.a(GMCLIB_ParkInv_c.o)
 .PPC.EMB.apuinfo
                0x000003cc       0x1c C:/NXP/S32DS_Power_v2.1/S32DS/software/AMMCLIB_1.1.15/MPC574xP_AMMCLIB_v1.1.15/lib/s32ds_ppc\MPC574xP_AMMCLIB.a(GMCLIB_Park_c.o)
 .PPC.EMB.apuinfo
                0x000003e8       0x20 C:/NXP/S32DS_Power_v2.1/S32DS/software/AMMCLIB_1.1.15/MPC574xP_AMMCLIB_v1.1.15/lib/s32ds_ppc\MPC574xP_AMMCLIB.a(GMCLIB_SvmStd_c.o)
 .PPC.EMB.apuinfo
                0x00000408       0x18 c:/nxp/s32ds_power_v2.1/s32ds/build_tools/powerpc-eabivle-4_9/bin/../lib/gcc/powerpc-eabivle/4.9.4/e200z4/fp\libgcc.a(_sf_to_df.o)
 .PPC.EMB.apuinfo
                0x00000420       0x18 c:/nxp/s32ds_power_v2.1/s32ds/build_tools/powerpc-eabivle-4_9/bin/../lib/gcc/powerpc-eabivle/4.9.4/e200z4/fp\libgcc.a(_mul_df.o)
 .PPC.EMB.apuinfo
                0x00000438       0x18 c:/nxp/s32ds_power_v2.1/s32ds/build_tools/powerpc-eabivle-4_9/bin/../lib/gcc/powerpc-eabivle/4.9.4/e200z4/fp\libgcc.a(_gt_df.o)
 .PPC.EMB.apuinfo
                0x00000450       0x18 c:/nxp/s32ds_power_v2.1/s32ds/build_tools/powerpc-eabivle-4_9/bin/../lib/gcc/powerpc-eabivle/4.9.4/e200z4/fp\libgcc.a(_lt_df.o)
 .PPC.EMB.apuinfo
                0x00000468       0x18 c:/nxp/s32ds_power_v2.1/s32ds/build_tools/powerpc-eabivle-4_9/bin/../lib/gcc/powerpc-eabivle/4.9.4/e200z4/fp\libgcc.a(_le_df.o)
 .PPC.EMB.apuinfo
                0x00000480       0x18 c:/nxp/s32ds_power_v2.1/s32ds/build_tools/powerpc-eabivle-4_9/bin/../lib/gcc/powerpc-eabivle/4.9.4/e200z4/fp\libgcc.a(_make_df.o)
 .PPC.EMB.apuinfo
                0x00000498       0x18 c:/nxp/s32ds_power_v2.1/s32ds/build_tools/powerpc-eabivle-4_9/bin/../lib/gcc/powerpc-eabivle/4.9.4/e200z4/fp\libgcc.a(_df_to_sf.o)
 .PPC.EMB.apuinfo
                0x000004b0       0x18 c:/nxp/s32ds_power_v2.1/s32ds/build_tools/powerpc-eabivle-4_9/bin/../lib/gcc/powerpc-eabivle/4.9.4/e200z4/fp\libgcc.a(eabivle.o)
 .PPC.EMB.apuinfo
                0x000004c8       0x18 c:/nxp/s32ds_power_v2.1/s32ds/build_tools/powerpc-eabivle-4_9/bin/../lib/gcc/powerpc-eabivle/4.9.4/e200z4/fp\libgcc.a(_unpack_sf.o)
 .PPC.EMB.apuinfo
                0x000004e0       0x18 c:/nxp/s32ds_power_v2.1/s32ds/build_tools/powerpc-eabivle-4_9/bin/../lib/gcc/powerpc-eabivle/4.9.4/e200z4/fp\libgcc.a(_make_sf.o)
 .PPC.EMB.apuinfo
                0x000004f8       0x18 c:/nxp/s32ds_power_v2.1/s32ds/build_tools/powerpc-eabivle-4_9/bin/../lib/gcc/powerpc-eabivle/4.9.4/e200z4/fp\libgcc.a(_pack_df.o)
 .PPC.EMB.apuinfo
                0x00000510       0x18 c:/nxp/s32ds_power_v2.1/s32ds/build_tools/powerpc-eabivle-4_9/bin/../lib/gcc/powerpc-eabivle/4.9.4/e200z4/fp\libgcc.a(_unpack_df.o)
 .PPC.EMB.apuinfo
                0x00000528       0x18 c:/nxp/s32ds_power_v2.1/s32ds/build_tools/powerpc-eabivle-4_9/bin/../lib/gcc/powerpc-eabivle/4.9.4/e200z4/fp\libgcc.a(_fpcmp_parts_df.o)
 .PPC.EMB.apuinfo
                0x00000540       0x18 c:/nxp/s32ds_power_v2.1/s32ds/build_tools/powerpc-eabivle-4_9/bin/../lib/gcc/powerpc-eabivle/4.9.4/e200z4/fp\libgcc.a(_pack_sf.o)
 .PPC.EMB.apuinfo
                0x00000558       0x18 c:/nxp/s32ds_power_v2.1/s32ds/build_tools/powerpc-eabivle-4_9/bin/../lib/gcc/powerpc-eabivle/4.9.4/e200z4/fp/crtend.o
 .PPC.EMB.apuinfo
                0x00000570       0x18 c:/nxp/s32ds_power_v2.1/s32ds/build_tools/powerpc-eabivle-4_9/bin/../lib/gcc/powerpc-eabivle/4.9.4/e200z4/fp/ecrtn.o

.gnu.attributes
                0x00000000       0x12
 .gnu.attributes
                0x00000000       0x10 ./FreeMaster_MPC57xxx/src_common/freemaster_pipes.o
 .gnu.attributes
                0x00000010       0x12 ./src/Cmd_moteur.o
 .gnu.attributes
                0x00000022       0x10 ./src/ConfigADC.o
 .gnu.attributes
                0x00000032       0x12 ./src/Current_Sensor.o
 .gnu.attributes
                0x00000044       0x10 ./src/modele_moteur_virtuel.o
 .gnu.attributes
                0x00000054       0x12 ./src/pga411.o
 .gnu.attributes
                0x00000066       0x10 C:/NXP/S32DS_Power_v2.1/S32DS/software/AMMCLIB_1.1.15/MPC574xP_AMMCLIB_v1.1.15/lib/s32ds_ppc\MPC574xP_AMMCLIB.a(GFLIB_Sign_c.o)
 .gnu.attributes
                0x00000076       0x10 C:/NXP/S32DS_Power_v2.1/S32DS/software/AMMCLIB_1.1.15/MPC574xP_AMMCLIB_v1.1.15/lib/s32ds_ppc\MPC574xP_AMMCLIB.a(GFLIB_SinCos_c.o)
 .gnu.attributes
                0x00000086       0x10 c:/nxp/s32ds_power_v2.1/s32ds/build_tools/powerpc-eabivle-4_9/bin/../lib/gcc/powerpc-eabivle/4.9.4/e200z4/fp\libgcc.a(_sf_to_df.o)
 .gnu.attributes
                0x00000096       0x10 c:/nxp/s32ds_power_v2.1/s32ds/build_tools/powerpc-eabivle-4_9/bin/../lib/gcc/powerpc-eabivle/4.9.4/e200z4/fp\libgcc.a(_mul_df.o)
 .gnu.attributes
                0x000000a6       0x10 c:/nxp/s32ds_power_v2.1/s32ds/build_tools/powerpc-eabivle-4_9/bin/../lib/gcc/powerpc-eabivle/4.9.4/e200z4/fp\libgcc.a(_gt_df.o)
 .gnu.attributes
                0x000000b6       0x10 c:/nxp/s32ds_power_v2.1/s32ds/build_tools/powerpc-eabivle-4_9/bin/../lib/gcc/powerpc-eabivle/4.9.4/e200z4/fp\libgcc.a(_lt_df.o)
 .gnu.attributes
                0x000000c6       0x10 c:/nxp/s32ds_power_v2.1/s32ds/build_tools/powerpc-eabivle-4_9/bin/../lib/gcc/powerpc-eabivle/4.9.4/e200z4/fp\libgcc.a(_le_df.o)
 .gnu.attributes
                0x000000d6       0x10 c:/nxp/s32ds_power_v2.1/s32ds/build_tools/powerpc-eabivle-4_9/bin/../lib/gcc/powerpc-eabivle/4.9.4/e200z4/fp\libgcc.a(_make_df.o)
 .gnu.attributes
                0x000000e6       0x10 c:/nxp/s32ds_power_v2.1/s32ds/build_tools/powerpc-eabivle-4_9/bin/../lib/gcc/powerpc-eabivle/4.9.4/e200z4/fp\libgcc.a(_df_to_sf.o)
 .gnu.attributes
                0x000000f6       0x10 c:/nxp/s32ds_power_v2.1/s32ds/build_tools/powerpc-eabivle-4_9/bin/../lib/gcc/powerpc-eabivle/4.9.4/e200z4/fp\libgcc.a(_make_sf.o)
 .gnu.attributes
                0x00000106       0x10 c:/nxp/s32ds_power_v2.1/s32ds/build_tools/powerpc-eabivle-4_9/bin/../lib/gcc/powerpc-eabivle/4.9.4/e200z4/fp\libgcc.a(_pack_df.o)
 .gnu.attributes
                0x00000116       0x10 c:/nxp/s32ds_power_v2.1/s32ds/build_tools/powerpc-eabivle-4_9/bin/../lib/gcc/powerpc-eabivle/4.9.4/e200z4/fp\libgcc.a(_pack_sf.o)

.debug_info     0x00000000    0x2050a
 .debug_info    0x00000000      0x427 ./FreeMaster_MPC57xxx/src_common/freemaster_appcmd.o
 .debug_info    0x00000427       0xec ./FreeMaster_MPC57xxx/src_common/freemaster_lin.o
 .debug_info    0x00000513     0x11e5 ./FreeMaster_MPC57xxx/src_common/freemaster_pipes.o
 .debug_info    0x000016f8      0x447 ./FreeMaster_MPC57xxx/src_common/freemaster_protocol.o
 .debug_info    0x00001b3f      0x677 ./FreeMaster_MPC57xxx/src_common/freemaster_rec.o
 .debug_info    0x000021b6      0x190 ./FreeMaster_MPC57xxx/src_common/freemaster_scope.o
 .debug_info    0x00002346      0x45f ./FreeMaster_MPC57xxx/src_common/freemaster_serial.o
 .debug_info    0x000027a5      0x13b ./FreeMaster_MPC57xxx/src_common/freemaster_tsa.o
 .debug_info    0x000028e0      0x243 ./FreeMaster_MPC57xxx/src_platforms/MPC57xx/freemaster_MPC57xx.o
 .debug_info    0x00002b23       0xa3 ./Project_Settings/Startup_Code/startup.o
 .debug_info    0x00002bc6     0x2916 ./src/ClockConfig.o
 .debug_info    0x000054dc      0x7f1 ./src/Cmd_moteur.o
 .debug_info    0x00005ccd     0x2b6a ./src/ConfigADC.o
 .debug_info    0x00008837     0x1b99 ./src/ConfigCTU.o
 .debug_info    0x0000a3d0     0x1729 ./src/ConfigGPIO.o
 .debug_info    0x0000baf9      0x4b8 ./src/ConfigPIT.o
 .debug_info    0x0000bfb1     0x165d ./src/ConfigPWM.o
 .debug_info    0x0000d60e     0x2316 ./src/Config_eDMA.o
 .debug_info    0x0000f924     0x2c0a ./src/Current_Sensor.o
 .debug_info    0x0001252e     0x2188 ./src/DSPIConfig.o
 .debug_info    0x000146b6      0x5d8 ./src/MPC57xx__Interrupt_Init.o
 .debug_info    0x00014c8e     0x2790 ./src/ModeEntryAndConfig.o
 .debug_info    0x0001741e     0x258e ./src/UARTConfig.o
 .debug_info    0x000199ac       0x81 ./src/User_Interface.o
 .debug_info    0x00019a2d       0x21 ./src/Vector.o
 .debug_info    0x00019a4e      0xe98 ./src/eTimer.o
 .debug_info    0x0001a8e6       0x93 ./src/flashrchw.o
 .debug_info    0x0001a979     0x19bc ./src/gd3000.o
 .debug_info    0x0001c335       0xb4 ./src/intc_SW_mode_isr_vectors_MPC5744P.o
 .debug_info    0x0001c3e9       0x92 ./src/intc_sw_handlers.o
 .debug_info    0x0001c47b     0x1ad1 ./src/main.o
 .debug_info    0x0001df4c      0x424 ./src/modele_moteur_virtuel.o
 .debug_info    0x0001e370     0x219a ./src/pga411.o

.debug_abbrev   0x00000000     0x2a9b
 .debug_abbrev  0x00000000      0x14e ./FreeMaster_MPC57xxx/src_common/freemaster_appcmd.o
 .debug_abbrev  0x0000014e       0x7b ./FreeMaster_MPC57xxx/src_common/freemaster_lin.o
 .debug_abbrev  0x000001c9      0x201 ./FreeMaster_MPC57xxx/src_common/freemaster_pipes.o
 .debug_abbrev  0x000003ca       0xee ./FreeMaster_MPC57xxx/src_common/freemaster_protocol.o
 .debug_abbrev  0x000004b8      0x22b ./FreeMaster_MPC57xxx/src_common/freemaster_rec.o
 .debug_abbrev  0x000006e3       0xc5 ./FreeMaster_MPC57xxx/src_common/freemaster_scope.o
 .debug_abbrev  0x000007a8      0x1f3 ./FreeMaster_MPC57xxx/src_common/freemaster_serial.o
 .debug_abbrev  0x0000099b       0x87 ./FreeMaster_MPC57xxx/src_common/freemaster_tsa.o
 .debug_abbrev  0x00000a22       0xc9 ./FreeMaster_MPC57xxx/src_platforms/MPC57xx/freemaster_MPC57xx.o
 .debug_abbrev  0x00000aeb       0x14 ./Project_Settings/Startup_Code/startup.o
 .debug_abbrev  0x00000aff      0x189 ./src/ClockConfig.o
 .debug_abbrev  0x00000c88      0x20b ./src/Cmd_moteur.o
 .debug_abbrev  0x00000e93      0x1c7 ./src/ConfigADC.o
 .debug_abbrev  0x0000105a      0x159 ./src/ConfigCTU.o
 .debug_abbrev  0x000011b3      0x16f ./src/ConfigGPIO.o
 .debug_abbrev  0x00001322      0x180 ./src/ConfigPIT.o
 .debug_abbrev  0x000014a2      0x1df ./src/ConfigPWM.o
 .debug_abbrev  0x00001681      0x173 ./src/Config_eDMA.o
 .debug_abbrev  0x000017f4      0x237 ./src/Current_Sensor.o
 .debug_abbrev  0x00001a2b      0x220 ./src/DSPIConfig.o
 .debug_abbrev  0x00001c4b      0x16e ./src/MPC57xx__Interrupt_Init.o
 .debug_abbrev  0x00001db9      0x166 ./src/ModeEntryAndConfig.o
 .debug_abbrev  0x00001f1f      0x18e ./src/UARTConfig.o
 .debug_abbrev  0x000020ad       0x45 ./src/User_Interface.o
 .debug_abbrev  0x000020f2       0x13 ./src/Vector.o
 .debug_abbrev  0x00002105      0x15d ./src/eTimer.o
 .debug_abbrev  0x00002262       0x4e ./src/flashrchw.o
 .debug_abbrev  0x000022b0      0x1dd ./src/gd3000.o
 .debug_abbrev  0x0000248d       0x7c ./src/intc_SW_mode_isr_vectors_MPC5744P.o
 .debug_abbrev  0x00002509       0x14 ./src/intc_sw_handlers.o
 .debug_abbrev  0x0000251d      0x164 ./src/main.o
 .debug_abbrev  0x00002681      0x144 ./src/modele_moteur_virtuel.o
 .debug_abbrev  0x000027c5      0x2d6 ./src/pga411.o

.debug_aranges  0x00000000      0xd88
 .debug_aranges
                0x00000000       0x68 ./FreeMaster_MPC57xxx/src_common/freemaster_appcmd.o
 .debug_aranges
                0x00000068       0x28 ./FreeMaster_MPC57xxx/src_common/freemaster_lin.o
 .debug_aranges
                0x00000090      0x120 ./FreeMaster_MPC57xxx/src_common/freemaster_pipes.o
 .debug_aranges
                0x000001b0       0x70 ./FreeMaster_MPC57xxx/src_common/freemaster_protocol.o
 .debug_aranges
                0x00000220       0xb0 ./FreeMaster_MPC57xxx/src_common/freemaster_rec.o
 .debug_aranges
                0x000002d0       0x30 ./FreeMaster_MPC57xxx/src_common/freemaster_scope.o
 .debug_aranges
                0x00000300       0x70 ./FreeMaster_MPC57xxx/src_common/freemaster_serial.o
 .debug_aranges
                0x00000370       0x28 ./FreeMaster_MPC57xxx/src_common/freemaster_tsa.o
 .debug_aranges
                0x00000398       0x40 ./FreeMaster_MPC57xxx/src_platforms/MPC57xx/freemaster_MPC57xx.o
 .debug_aranges
                0x000003d8       0x20 ./Project_Settings/Startup_Code/startup.o
 .debug_aranges
                0x000003f8       0x58 ./src/ClockConfig.o
 .debug_aranges
                0x00000450       0x98 ./src/Cmd_moteur.o
 .debug_aranges
                0x000004e8       0x90 ./src/ConfigADC.o
 .debug_aranges
                0x00000578       0x70 ./src/ConfigCTU.o
 .debug_aranges
                0x000005e8       0x60 ./src/ConfigGPIO.o
 .debug_aranges
                0x00000648       0x60 ./src/ConfigPIT.o
 .debug_aranges
                0x000006a8       0x98 ./src/ConfigPWM.o
 .debug_aranges
                0x00000740       0x48 ./src/Config_eDMA.o
 .debug_aranges
                0x00000788       0x80 ./src/Current_Sensor.o
 .debug_aranges
                0x00000808       0xa8 ./src/DSPIConfig.o
 .debug_aranges
                0x000008b0       0x38 ./src/MPC57xx__Interrupt_Init.o
 .debug_aranges
                0x000008e8       0x38 ./src/ModeEntryAndConfig.o
 .debug_aranges
                0x00000920       0x58 ./src/UARTConfig.o
 .debug_aranges
                0x00000978       0x20 ./src/User_Interface.o
 .debug_aranges
                0x00000998       0x18 ./src/Vector.o
 .debug_aranges
                0x000009b0       0x90 ./src/eTimer.o
 .debug_aranges
                0x00000a40       0x18 ./src/flashrchw.o
 .debug_aranges
                0x00000a58       0xf0 ./src/gd3000.o
 .debug_aranges